###############################################################################
#
# IAR ELF Linker V7.50.2.10312/W32 for ARM                29/Jan/2017  02:09:28
# Copyright 2007-2015 IAR Systems AB.
#
#    Output file  =  
#        D:\Akademik\ARM\IAR
#        Calismalar\STM32F4-Examples\5.0-USARTHaberlesmesi\Debug\Exe\c.out
#    Map file     =  
#        D:\Akademik\ARM\IAR
#        Calismalar\STM32F4-Examples\5.0-USARTHaberlesmesi\Debug\List\c.map
#    Command line =  
#        "D:\Akademik\ARM\IAR
#        Calismalar\STM32F4-Examples\5.0-USARTHaberlesmesi\Debug\Obj\main.o"
#        "D:\Akademik\ARM\IAR
#        Calismalar\STM32F4-Examples\5.0-USARTHaberlesmesi\Debug\Obj\misc.o"
#        "D:\Akademik\ARM\IAR
#        Calismalar\STM32F4-Examples\5.0-USARTHaberlesmesi\Debug\Obj\startup_stm32f4xx.o"
#        "D:\Akademik\ARM\IAR
#        Calismalar\STM32F4-Examples\5.0-USARTHaberlesmesi\Debug\Obj\stm32f4_discovery.o"
#        "D:\Akademik\ARM\IAR
#        Calismalar\STM32F4-Examples\5.0-USARTHaberlesmesi\Debug\Obj\stm32f4xx_exti.o"
#        "D:\Akademik\ARM\IAR
#        Calismalar\STM32F4-Examples\5.0-USARTHaberlesmesi\Debug\Obj\stm32f4xx_gpio.o"
#        "D:\Akademik\ARM\IAR
#        Calismalar\STM32F4-Examples\5.0-USARTHaberlesmesi\Debug\Obj\stm32f4xx_it.o"
#        "D:\Akademik\ARM\IAR
#        Calismalar\STM32F4-Examples\5.0-USARTHaberlesmesi\Debug\Obj\stm32f4xx_rcc.o"
#        "D:\Akademik\ARM\IAR
#        Calismalar\STM32F4-Examples\5.0-USARTHaberlesmesi\Debug\Obj\stm32f4xx_syscfg.o"
#        "D:\Akademik\ARM\IAR
#        Calismalar\STM32F4-Examples\5.0-USARTHaberlesmesi\Debug\Obj\stm32f4xx_usart.o"
#        "D:\Akademik\ARM\IAR
#        Calismalar\STM32F4-Examples\5.0-USARTHaberlesmesi\Debug\Obj\system_stm32f4xx.o"
#        -o "D:\Akademik\ARM\IAR
#        Calismalar\STM32F4-Examples\5.0-USARTHaberlesmesi\Debug\Exe\c.out"
#        --redirect _Printf=_PrintfFull --redirect _Scanf=_ScanfFull --map
#        "D:\Akademik\ARM\IAR
#        Calismalar\STM32F4-Examples\5.0-USARTHaberlesmesi\Debug\List\c.map"
#        --config "C:\Program Files (x86)\IAR Systems\Embedded Workbench
#        7.3\arm\config\linker\ST\stm32f411xC.icf" --semihosting --entry
#        __iar_program_start --vfe
#
###############################################################################

*******************************************************************************
*** RUNTIME MODEL ATTRIBUTES
***

CppFlavor       = *
__SystemLibrary = DLib


*******************************************************************************
*** PLACEMENT SUMMARY
***

"A1":  place at 0x08000000 { ro section .intvec };
"P1":  place in [from 0x08000000 to 0x0803ffff] { ro };
"P2":  place in [from 0x20000000 to 0x2001ffff] { rw, block CSTACK, block HEAP };

  Section            Kind        Address    Size  Object
  -------            ----        -------    ----  ------
"A1":                                      0x188
  .intvec            ro code  0x08000000   0x188  startup_stm32f4xx.o [1]
                            - 0x08000188   0x188

"P1":                                      0x8f4
  .text              ro code  0x08000188   0x15c  stm32f4xx_usart.o [1]
  .text              ro code  0x080002e4   0x134  stm32f4xx_rcc.o [1]
  .text              ro code  0x08000418   0x144  system_stm32f4xx.o [1]
  .text              ro code  0x0800055c   0x120  main.o [1]
  .text              ro code  0x0800067c    0xf4  stm32f4xx_gpio.o [1]
  .text              ro code  0x08000770    0x70  misc.o [1]
  .text              ro code  0x080007e0    0x40  stm32f4xx_it.o [1]
  .text              ro code  0x08000820    0x2c  copy_init3.o [4]
  .text              ro code  0x0800084c    0x28  data_init.o [4]
  .iar.init_table    const    0x08000874    0x14  - Linker created -
  .text              ro code  0x08000888    0x1a  cmain.o [4]
  .text              ro code  0x080008a2     0x4  low_level_init.o [3]
  .text              ro code  0x080008a6     0x4  exit.o [3]
  .text              ro code  0x080008ac     0xa  cexit.o [4]
  .text              ro code  0x080008b8    0x14  exit.o [5]
  Initializer bytes  const    0x080008cc    0x18  <for P2-1>
  .rodata            const    0x080008e4    0x10  main.o [1]
  .text              ro code  0x080008f4    0x10  startup_stm32f4xx.o [1]
  .text              ro code  0x08000904     0xc  cstartup_M.o [4]
  .text              ro code  0x08000910     0x4  startup_stm32f4xx.o [1]
  .text              ro code  0x08000914     0x4  startup_stm32f4xx.o [1]
  .text              ro code  0x08000918     0x4  startup_stm32f4xx.o [1]
  .text              ro code  0x0800091c     0x4  startup_stm32f4xx.o [1]
  .text              ro code  0x08000920     0x4  startup_stm32f4xx.o [1]
  .text              ro code  0x08000924     0x4  startup_stm32f4xx.o [1]
  .text              ro code  0x08000928     0x4  startup_stm32f4xx.o [1]
  .text              ro code  0x0800092c     0x4  startup_stm32f4xx.o [1]
  .text              ro code  0x08000930     0x4  startup_stm32f4xx.o [1]
  .text              ro code  0x08000934     0x4  startup_stm32f4xx.o [1]
  .text              ro code  0x08000938     0x4  startup_stm32f4xx.o [1]
  .text              ro code  0x0800093c     0x4  startup_stm32f4xx.o [1]
  .text              ro code  0x08000940     0x4  startup_stm32f4xx.o [1]
  .text              ro code  0x08000944     0x4  startup_stm32f4xx.o [1]
  .text              ro code  0x08000948     0x4  startup_stm32f4xx.o [1]
  .text              ro code  0x0800094c     0x4  startup_stm32f4xx.o [1]
  .text              ro code  0x08000950     0x4  startup_stm32f4xx.o [1]
  .text              ro code  0x08000954     0x4  startup_stm32f4xx.o [1]
  .text              ro code  0x08000958     0x4  startup_stm32f4xx.o [1]
  .text              ro code  0x0800095c     0x4  startup_stm32f4xx.o [1]
  .text              ro code  0x08000960     0x4  startup_stm32f4xx.o [1]
  .text              ro code  0x08000964     0x4  startup_stm32f4xx.o [1]
  .text              ro code  0x08000968     0x4  startup_stm32f4xx.o [1]
  .text              ro code  0x0800096c     0x4  startup_stm32f4xx.o [1]
  .text              ro code  0x08000970     0x4  startup_stm32f4xx.o [1]
  .text              ro code  0x08000974     0x4  startup_stm32f4xx.o [1]
  .text              ro code  0x08000978     0x4  startup_stm32f4xx.o [1]
  .text              ro code  0x0800097c     0x4  startup_stm32f4xx.o [1]
  .text              ro code  0x08000980     0x4  startup_stm32f4xx.o [1]
  .text              ro code  0x08000984     0x4  startup_stm32f4xx.o [1]
  .text              ro code  0x08000988     0x4  startup_stm32f4xx.o [1]
  .text              ro code  0x0800098c     0x4  startup_stm32f4xx.o [1]
  .text              ro code  0x08000990     0x4  startup_stm32f4xx.o [1]
  .text              ro code  0x08000994     0x4  startup_stm32f4xx.o [1]
  .text              ro code  0x08000998     0x4  startup_stm32f4xx.o [1]
  .text              ro code  0x0800099c     0x4  startup_stm32f4xx.o [1]
  .text              ro code  0x080009a0     0x4  startup_stm32f4xx.o [1]
  .text              ro code  0x080009a4     0x4  startup_stm32f4xx.o [1]
  .text              ro code  0x080009a8     0x4  startup_stm32f4xx.o [1]
  .text              ro code  0x080009ac     0x4  startup_stm32f4xx.o [1]
  .text              ro code  0x080009b0     0x4  startup_stm32f4xx.o [1]
  .text              ro code  0x080009b4     0x4  startup_stm32f4xx.o [1]
  .text              ro code  0x080009b8     0x4  startup_stm32f4xx.o [1]
  .text              ro code  0x080009bc     0x4  startup_stm32f4xx.o [1]
  .text              ro code  0x080009c0     0x4  startup_stm32f4xx.o [1]
  .text              ro code  0x080009c4     0x4  startup_stm32f4xx.o [1]
  .text              ro code  0x080009c8     0x4  startup_stm32f4xx.o [1]
  .text              ro code  0x080009cc     0x4  startup_stm32f4xx.o [1]
  .text              ro code  0x080009d0     0x4  startup_stm32f4xx.o [1]
  .text              ro code  0x080009d4     0x4  startup_stm32f4xx.o [1]
  .text              ro code  0x080009d8     0x4  startup_stm32f4xx.o [1]
  .text              ro code  0x080009dc     0x4  startup_stm32f4xx.o [1]
  .text              ro code  0x080009e0     0x4  startup_stm32f4xx.o [1]
  .text              ro code  0x080009e4     0x4  startup_stm32f4xx.o [1]
  .text              ro code  0x080009e8     0x4  startup_stm32f4xx.o [1]
  .text              ro code  0x080009ec     0x4  startup_stm32f4xx.o [1]
  .text              ro code  0x080009f0     0x4  startup_stm32f4xx.o [1]
  .text              ro code  0x080009f4     0x4  startup_stm32f4xx.o [1]
  .text              ro code  0x080009f8     0x4  startup_stm32f4xx.o [1]
  .text              ro code  0x080009fc     0x4  startup_stm32f4xx.o [1]
  .text              ro code  0x08000a00     0x4  startup_stm32f4xx.o [1]
  .text              ro code  0x08000a04     0x4  startup_stm32f4xx.o [1]
  .text              ro code  0x08000a08     0x4  startup_stm32f4xx.o [1]
  .text              ro code  0x08000a0c     0x4  startup_stm32f4xx.o [1]
  .text              ro code  0x08000a10     0x4  startup_stm32f4xx.o [1]
  .text              ro code  0x08000a14     0x4  startup_stm32f4xx.o [1]
  .text              ro code  0x08000a18     0x4  startup_stm32f4xx.o [1]
  .text              ro code  0x08000a1c     0x4  startup_stm32f4xx.o [1]
  .text              ro code  0x08000a20     0x4  startup_stm32f4xx.o [1]
  .text              ro code  0x08000a24     0x4  startup_stm32f4xx.o [1]
  .text              ro code  0x08000a28     0x4  startup_stm32f4xx.o [1]
  .text              ro code  0x08000a2c     0x4  startup_stm32f4xx.o [1]
  .text              ro code  0x08000a30     0x4  startup_stm32f4xx.o [1]
  .text              ro code  0x08000a34     0x4  startup_stm32f4xx.o [1]
  .text              ro code  0x08000a38     0x4  startup_stm32f4xx.o [1]
  .text              ro code  0x08000a3c     0x4  startup_stm32f4xx.o [1]
  .text              ro code  0x08000a40     0x4  startup_stm32f4xx.o [1]
  .text              ro code  0x08000a44     0x4  startup_stm32f4xx.o [1]
  .text              ro code  0x08000a48     0x4  startup_stm32f4xx.o [1]
  .text              ro code  0x08000a4c     0x4  startup_stm32f4xx.o [1]
  .text              ro code  0x08000a50     0x4  startup_stm32f4xx.o [1]
  .text              ro code  0x08000a54     0x4  startup_stm32f4xx.o [1]
  .text              ro code  0x08000a58     0x4  startup_stm32f4xx.o [1]
  .text              ro code  0x08000a5c     0x4  startup_stm32f4xx.o [1]
  .text              ro code  0x08000a60     0x4  startup_stm32f4xx.o [1]
  .text              ro code  0x08000a64     0x4  startup_stm32f4xx.o [1]
  .text              ro code  0x08000a68     0x4  startup_stm32f4xx.o [1]
  .text              ro code  0x08000a6c     0x4  startup_stm32f4xx.o [1]
  .text              ro code  0x08000a70     0x4  startup_stm32f4xx.o [1]
  .text              ro code  0x08000a74     0x4  startup_stm32f4xx.o [1]
  .text              ro code  0x08000a78     0x4  startup_stm32f4xx.o [1]
  .rodata            const    0x08000a7c     0x0  copy_init3.o [4]
                            - 0x08000a7c   0x8f4

"P2", part 1 of 2:                          0x18
  P2-1                        0x20000000    0x18  <Init block>
    .data            inited   0x20000000    0x10  stm32f4xx_rcc.o [1]
    .bss             inited   0x20000010     0x4  stm32f4xx_it.o [1]
    .bss             inited   0x20000014     0x4  stm32f4xx_it.o [1]
                            - 0x20000018    0x18

"P2", part 2 of 2:                        0x2000
  CSTACK                      0x20000018  0x2000  <Block>
    CSTACK           uninit   0x20000018  0x2000  <Block tail>
                            - 0x20002018  0x2000


*******************************************************************************
*** INIT TABLE
***

          Address     Size
          -------     ----
Copy (__iar_copy_init3)
    1 source range, total size 0x18:
          0x080008cc  0x18
    1 destination range, total size 0x18:
          0x20000000  0x18



*******************************************************************************
*** MODULE SUMMARY
***

    Module               ro code  ro data  rw data
    ------               -------  -------  -------
D:\Akademik\ARM\IAR Calismalar\STM32F4-Examples\5.0-USARTHaberlesmesi\Debug\Obj: [1]
    main.o                   288       16
    misc.o                   112
    startup_stm32f4xx.o      772
    stm32f4xx_gpio.o         244
    stm32f4xx_it.o            64        8        8
    stm32f4xx_rcc.o          308       16       16
    stm32f4xx_usart.o        348
    system_stm32f4xx.o       324
    ----------------------------------------------
    Total:                 2 460       40       24

command line: [2]
    ----------------------------------------------
    Total:

dl7M_tln.a: [3]
    exit.o                     4
    low_level_init.o           4
    ----------------------------------------------
    Total:                     8

rt7M_tl.a: [4]
    cexit.o                   10
    cmain.o                   26
    copy_init3.o              44
    cstartup_M.o              12
    data_init.o               40
    ----------------------------------------------
    Total:                   132

shb_l.a: [5]
    exit.o                    20
    ----------------------------------------------
    Total:                    20

    Gaps                       4
    Linker created                     20    8 192
--------------------------------------------------
    Grand Total:           2 624       60    8 216


*******************************************************************************
*** ENTRY LIST
***

Entry                      Address  Size  Type      Object
-----                      -------  ----  ----      ------
.iar.init_table$$Base   0x08000874         --   Gb  - Linker created -
.iar.init_table$$Limit  0x08000888         --   Gb  - Linker created -
?main                   0x08000889        Code  Gb  cmain.o [4]
APBAHBPrescTable        0x20000000  0x10  Data  Lc  stm32f4xx_rcc.o [1]
BusFault_Handler        0x080007e7   0x2  Code  Gb  stm32f4xx_it.o [1]
CSTACK$$Base            0x20000018         --   Gb  - Linker created -
CSTACK$$Limit           0x20002018         --   Gb  - Linker created -
DebugMon_Handler        0x080007ed   0x2  Code  Gb  stm32f4xx_it.o [1]
GPIO_Init               0x0800067d  0xa4  Code  Gb  stm32f4xx_gpio.o [1]
GPIO_PinAFConfig        0x08000721  0x50  Code  Gb  stm32f4xx_gpio.o [1]
HardFault_Handler       0x080007e3   0x2  Code  Gb  stm32f4xx_it.o [1]
MemManage_Handler       0x080007e5   0x2  Code  Gb  stm32f4xx_it.o [1]
NMI_Handler             0x080007e1   0x2  Code  Gb  stm32f4xx_it.o [1]
NVIC_Init               0x08000771  0x60  Code  Gb  misc.o [1]
PendSV_Handler          0x080007ef   0x2  Code  Gb  stm32f4xx_it.o [1]
RCC_AHB1PeriphClockCmd  0x080003bd  0x20  Code  Gb  stm32f4xx_rcc.o [1]
RCC_APB2PeriphClockCmd  0x080003dd  0x20  Code  Gb  stm32f4xx_rcc.o [1]
RCC_GetClocksFreq       0x080002e5  0xd8  Code  Gb  stm32f4xx_rcc.o [1]
Region$$Table$$Base     0x08000874         --   Gb  - Linker created -
Region$$Table$$Limit    0x08000888         --   Gb  - Linker created -
SVC_Handler             0x080007eb   0x2  Code  Gb  stm32f4xx_it.o [1]
SetSysClock             0x0800045f  0xce  Code  Lc  system_stm32f4xx.o [1]
SysTick_Handler         0x080007f1  0x1e  Code  Gb  stm32f4xx_it.o [1]
SystemInit              0x08000419  0x46  Code  Gb  system_stm32f4xx.o [1]
TIM1_CC_IRQHandler      0x0800081f   0x2  Code  Gb  stm32f4xx_it.o [1]
TIM2_IRQHandler         0x08000819   0x2  Code  Gb  stm32f4xx_it.o [1]
TIM3_IRQHandler         0x0800081b   0x2  Code  Gb  stm32f4xx_it.o [1]
TIM4_IRQHandler         0x0800081d   0x2  Code  Gb  stm32f4xx_it.o [1]
USART1_IRQHandler       0x0800063f  0x30  Code  Gb  main.o [1]
USART1_Send             0x08000619  0x26  Code  Gb  main.o [1]
USART1_Setup            0x0800056b  0xae  Code  Gb  main.o [1]
USART_Cmd               0x0800024d  0x1c  Code  Gb  stm32f4xx_usart.o [1]
USART_GetFlagStatus     0x080002cb  0x1a  Code  Gb  stm32f4xx_usart.o [1]
USART_ITConfig          0x08000279  0x52  Code  Gb  stm32f4xx_usart.o [1]
USART_Init              0x08000189  0xb6  Code  Gb  stm32f4xx_usart.o [1]
USART_ReceiveData       0x08000271   0x8  Code  Gb  stm32f4xx_usart.o [1]
USART_SendData          0x08000269   0x8  Code  Gb  stm32f4xx_usart.o [1]
UsageFault_Handler      0x080007e9   0x2  Code  Gb  stm32f4xx_it.o [1]
__cmain                 0x08000889        Code  Gb  cmain.o [4]
__exit                  0x080008b9  0x14  Code  Gb  exit.o [5]
__iar_copy_init3        0x08000821  0x2c  Code  Gb  copy_init3.o [4]
__iar_data_init3        0x0800084d  0x28  Code  Gb  data_init.o [4]
__iar_program_start     0x08000905        Code  Gb  cstartup_M.o [4]
__low_level_init        0x080008a3   0x4  Code  Gb  low_level_init.o [3]
__vector_table          0x08000000        Data  Gb  startup_stm32f4xx.o [1]
_call_main              0x08000895        Code  Gb  cmain.o [4]
_exit                   0x080008ad        Code  Gb  cexit.o [4]
_main                   0x0800089f        Code  Gb  cmain.o [4]
downTicker              0x20000014   0x4  Data  Gb  stm32f4xx_it.o [1]
exit                    0x080008a7   0x4  Code  Gb  exit.o [3]
main                    0x0800055d   0xe  Code  Gb  main.o [1]
ticker                  0x20000010   0x4  Data  Gb  stm32f4xx_it.o [1]


[1] = D:\Akademik\ARM\IAR Calismalar\STM32F4-Examples\5.0-USARTHaberlesmesi\Debug\Obj
[2] = command line
[3] = dl7M_tln.a
[4] = rt7M_tl.a
[5] = shb_l.a

  2 624 bytes of readonly  code memory
     60 bytes of readonly  data memory
  8 216 bytes of readwrite data memory

Errors: none
Warnings: none
