###############################################################################
#
# IAR ELF Linker V7.70.1.11437/W32 for ARM                05/Dec/2016  22:18:05
# Copyright 2007-2016 IAR Systems AB.
#
#    Output file  =  C:\Users\mehme\Desktop\ders-7-spi - Copy\Debug\Exe\c.out
#    Map file     =  C:\Users\mehme\Desktop\ders-7-spi - Copy\Debug\List\c.map
#    Command line =  
#        "C:\Users\mehme\Desktop\ders-7-spi - Copy\Debug\Obj\buton.o"
#        "C:\Users\mehme\Desktop\ders-7-spi - Copy\Debug\Obj\ddSpi.o"
#        "C:\Users\mehme\Desktop\ders-7-spi - Copy\Debug\Obj\ddUsart2.o"
#        "C:\Users\mehme\Desktop\ders-7-spi - Copy\Debug\Obj\l3gd20.o"
#        "C:\Users\mehme\Desktop\ders-7-spi - Copy\Debug\Obj\main.o"
#        "C:\Users\mehme\Desktop\ders-7-spi -
#        Copy\Debug\Obj\startup_stm32f411xe.o"
#        "C:\Users\mehme\Desktop\ders-7-spi -
#        Copy\Debug\Obj\system_stm32f4xx.o" -o
#        "C:\Users\mehme\Desktop\ders-7-spi - Copy\Debug\Exe\c.out" --redirect
#        _Printf=_PrintfFull --redirect _Scanf=_ScanfFull --map
#        "C:\Users\mehme\Desktop\ders-7-spi - Copy\Debug\List\c.map" --config
#        "C:\Program Files (x86)\IAR Systems\Embedded Workbench
#        7.5\arm\config\linker\ST\stm32f411xE.icf" --semihosting --entry
#        __iar_program_start --vfe
#
###############################################################################

*******************************************************************************
*** RUNTIME MODEL ATTRIBUTES
***

CppFlavor       = *
__SystemLibrary = DLib


*******************************************************************************
*** PLACEMENT SUMMARY
***

"A0":  place at 0x08000000 { ro section .intvec };
"P1":  place in [from 0x08000000 to 0x0807ffff] { ro };
"P2":  place in [from 0x20000000 to 0x2001ffff] { rw, block CSTACK, block HEAP };

  Section          Kind        Address    Size  Object
  -------          ----        -------    ----  ------
"A0":                                    0x198
  .intvec          ro code  0x08000000   0x198  startup_stm32f411xe.o [1]
                          - 0x08000198   0x198

"P1":                                    0x8c0
  .text            ro code  0x08000198   0x240  ddUsart2.o [1]
  .text            ro code  0x080003d8   0x1b8  main.o [1]
  .text            ro code  0x08000590    0x84  l3gd20.o [1]
  .text            ro code  0x08000614    0x78  buton.o [1]
  .text            ro code  0x0800068c    0xfc  ddSpi.o [1]
  .text            ro code  0x08000788    0x6c  system_stm32f4xx.o [1]
  .text            ro code  0x080007f4    0x40  zero_init3.o [5]
  .text            ro code  0x08000834    0x28  data_init.o [5]
  .text            ro code  0x0800085c    0x22  fpinit_M.o [4]
  .iar.init_table  const    0x08000880    0x10  - Linker created -
  .rodata          const    0x08000890    0x20  main.o [1]
  .rodata          const    0x080008b0    0x1c  main.o [1]
  .text            ro code  0x080008cc    0x1a  cmain.o [5]
  .text            ro code  0x080008e6     0x4  low_level_init.o [3]
  .text            ro code  0x080008ea     0x4  exit.o [3]
  .text            ro code  0x080008f0     0xa  cexit.o [5]
  .text            ro code  0x080008fc    0x14  exit.o [6]
  .rodata          const    0x08000910    0x18  main.o [1]
  .rodata          const    0x08000928    0x14  main.o [1]
  .text            ro code  0x0800093c    0x10  startup_stm32f411xe.o [1]
  .text            ro code  0x0800094c     0xc  cstartup_M.o [5]
  .text            ro code  0x08000958     0x4  startup_stm32f411xe.o [1]
  .text            ro code  0x0800095c     0x4  startup_stm32f411xe.o [1]
  .text            ro code  0x08000960     0x4  startup_stm32f411xe.o [1]
  .text            ro code  0x08000964     0x4  startup_stm32f411xe.o [1]
  .text            ro code  0x08000968     0x4  startup_stm32f411xe.o [1]
  .text            ro code  0x0800096c     0x4  startup_stm32f411xe.o [1]
  .text            ro code  0x08000970     0x4  startup_stm32f411xe.o [1]
  .text            ro code  0x08000974     0x4  startup_stm32f411xe.o [1]
  .text            ro code  0x08000978     0x4  startup_stm32f411xe.o [1]
  .text            ro code  0x0800097c     0x4  startup_stm32f411xe.o [1]
  .text            ro code  0x08000980     0x4  startup_stm32f411xe.o [1]
  .text            ro code  0x08000984     0x4  startup_stm32f411xe.o [1]
  .text            ro code  0x08000988     0x4  startup_stm32f411xe.o [1]
  .text            ro code  0x0800098c     0x4  startup_stm32f411xe.o [1]
  .text            ro code  0x08000990     0x4  startup_stm32f411xe.o [1]
  .text            ro code  0x08000994     0x4  startup_stm32f411xe.o [1]
  .text            ro code  0x08000998     0x4  startup_stm32f411xe.o [1]
  .text            ro code  0x0800099c     0x4  startup_stm32f411xe.o [1]
  .text            ro code  0x080009a0     0x4  startup_stm32f411xe.o [1]
  .text            ro code  0x080009a4     0x4  startup_stm32f411xe.o [1]
  .text            ro code  0x080009a8     0x4  startup_stm32f411xe.o [1]
  .text            ro code  0x080009ac     0x4  startup_stm32f411xe.o [1]
  .text            ro code  0x080009b0     0x4  startup_stm32f411xe.o [1]
  .text            ro code  0x080009b4     0x4  startup_stm32f411xe.o [1]
  .text            ro code  0x080009b8     0x4  startup_stm32f411xe.o [1]
  .text            ro code  0x080009bc     0x4  startup_stm32f411xe.o [1]
  .text            ro code  0x080009c0     0x4  startup_stm32f411xe.o [1]
  .text            ro code  0x080009c4     0x4  startup_stm32f411xe.o [1]
  .text            ro code  0x080009c8     0x4  startup_stm32f411xe.o [1]
  .text            ro code  0x080009cc     0x4  startup_stm32f411xe.o [1]
  .text            ro code  0x080009d0     0x4  startup_stm32f411xe.o [1]
  .text            ro code  0x080009d4     0x4  startup_stm32f411xe.o [1]
  .text            ro code  0x080009d8     0x4  startup_stm32f411xe.o [1]
  .text            ro code  0x080009dc     0x4  startup_stm32f411xe.o [1]
  .text            ro code  0x080009e0     0x4  startup_stm32f411xe.o [1]
  .text            ro code  0x080009e4     0x4  startup_stm32f411xe.o [1]
  .text            ro code  0x080009e8     0x4  startup_stm32f411xe.o [1]
  .text            ro code  0x080009ec     0x4  startup_stm32f411xe.o [1]
  .text            ro code  0x080009f0     0x4  startup_stm32f411xe.o [1]
  .text            ro code  0x080009f4     0x4  startup_stm32f411xe.o [1]
  .text            ro code  0x080009f8     0x4  startup_stm32f411xe.o [1]
  .text            ro code  0x080009fc     0x4  startup_stm32f411xe.o [1]
  .text            ro code  0x08000a00     0x4  startup_stm32f411xe.o [1]
  .text            ro code  0x08000a04     0x4  startup_stm32f411xe.o [1]
  .text            ro code  0x08000a08     0x4  startup_stm32f411xe.o [1]
  .text            ro code  0x08000a0c     0x4  startup_stm32f411xe.o [1]
  .text            ro code  0x08000a10     0x4  startup_stm32f411xe.o [1]
  .text            ro code  0x08000a14     0x4  startup_stm32f411xe.o [1]
  .text            ro code  0x08000a18     0x4  startup_stm32f411xe.o [1]
  .text            ro code  0x08000a1c     0x4  startup_stm32f411xe.o [1]
  .text            ro code  0x08000a20     0x4  startup_stm32f411xe.o [1]
  .text            ro code  0x08000a24     0x4  startup_stm32f411xe.o [1]
  .text            ro code  0x08000a28     0x4  startup_stm32f411xe.o [1]
  .text            ro code  0x08000a2c     0x4  startup_stm32f411xe.o [1]
  .text            ro code  0x08000a30     0x4  startup_stm32f411xe.o [1]
  .text            ro code  0x08000a34     0x4  startup_stm32f411xe.o [1]
  .text            ro code  0x08000a38     0x4  startup_stm32f411xe.o [1]
  .text            ro code  0x08000a3c     0x4  startup_stm32f411xe.o [1]
  .text            ro code  0x08000a40     0x4  startup_stm32f411xe.o [1]
  .text            ro code  0x08000a44     0x4  startup_stm32f411xe.o [1]
  .text            ro code  0x08000a48     0x4  startup_stm32f411xe.o [1]
  .text            ro code  0x08000a4c     0x4  startup_stm32f411xe.o [1]
  .text            ro code  0x08000a50     0x4  startup_stm32f411xe.o [1]
  .text            ro code  0x08000a54     0x4  startup_stm32f411xe.o [1]
  .rodata          const    0x08000a58     0x0  zero_init3.o [5]
                          - 0x08000a58   0x8c0

"P2", part 1 of 2:                        0xd4
  .bss             zero     0x20000000    0x64  ddUsart2.o [1]
  .bss             zero     0x20000064    0x64  ddUsart2.o [1]
  .bss             zero     0x200000c8     0x1  buton.o [1]
  .bss             zero     0x200000c9     0x1  buton.o [1]
  .bss             zero     0x200000ca     0x1  buton.o [1]
  .bss             zero     0x200000cb     0x1  ddUsart2.o [1]
  .bss             zero     0x200000cc     0x1  ddUsart2.o [1]
  .bss             zero     0x200000cd     0x1  ddUsart2.o [1]
  .bss             zero     0x200000ce     0x1  main.o [1]
  .bss             zero     0x200000cf     0x1  main.o [1]
  .bss             zero     0x200000d0     0x1  main.o [1]
  .bss             zero     0x200000d1     0x1  main.o [1]
                          - 0x200000d2    0xd2

"P2", part 2 of 2:                      0x2000
  CSTACK                    0x200000d8  0x2000  <Block>
    CSTACK         uninit   0x200000d8  0x2000  <Block tail>
                          - 0x200020d8  0x2000


*******************************************************************************
*** INIT TABLE
***

          Address     Size
          -------     ----
Zero (__iar_zero_init3)
    1 destination range, total size 0xd2:
          0x20000000  0xd2



*******************************************************************************
*** MODULE SUMMARY
***

    Module                 ro code  ro data  rw data
    ------                 -------  -------  -------
C:\Users\mehme\Desktop\ders-7-spi - Copy\Debug\Obj: [1]
    buton.o                    120                 3
    ddSpi.o                    252
    ddUsart2.o                 576               203
    l3gd20.o                   132
    main.o                     440      104        4
    startup_stm32f411xe.o      680
    system_stm32f4xx.o         108
    ------------------------------------------------
    Total:                   2 308      104      210

command line: [2]
    ------------------------------------------------
    Total:

dl7M_tln.a: [3]
    exit.o                       4
    low_level_init.o             4
    ------------------------------------------------
    Total:                       8

m7M_tls.a: [4]
    fpinit_M.o                  34
    ------------------------------------------------
    Total:                      34

rt7M_tl.a: [5]
    cexit.o                     10
    cmain.o                     26
    cstartup_M.o                12
    data_init.o                 40
    zero_init3.o                64
    ------------------------------------------------
    Total:                     152

shb_l.a: [6]
    exit.o                      20
    ------------------------------------------------
    Total:                      20

    Gaps                         4        2
    Linker created                       16    8 192
----------------------------------------------------
    Grand Total:             2 526      122    8 402


*******************************************************************************
*** ENTRY LIST
***

Entry                      Address  Size  Type      Object
-----                      -------  ----  ----      ------
.iar.init_table$$Base   0x08000880         --   Gb  - Linker created -
.iar.init_table$$Limit  0x08000890         --   Gb  - Linker created -
?main                   0x080008cd        Code  Gb  cmain.o [5]
CSTACK$$Base            0x200000d8         --   Gb  - Linker created -
CSTACK$$Limit           0x200020d8         --   Gb  - Linker created -
GEL_MSG                 0x08000928  0x14  Data  Gb  main.o [1]
GYRO_FOUND_MSG          0x080008b0  0x1c  Data  Gb  main.o [1]
GYRO_NOT_FOUND_MSG      0x08000910  0x18  Data  Gb  main.o [1]
L3GD20_Init             0x080005b9  0x32  Code  Gb  l3gd20.o [1]
L3GD20_ReadID           0x080005fd  0x18  Code  Gb  l3gd20.o [1]
L3GD20_Read_Single_Register
                        0x08000591  0x28  Code  Gb  l3gd20.o [1]
LED_Setup               0x080004df  0x1a  Code  Gb  main.o [1]
MS_1                    0x200000d0   0x1  Data  Gb  main.o [1]
MS_20                   0x200000ce   0x1  Data  Gb  main.o [1]
MS_20_ticker            0x200000cf   0x1  Data  Gb  main.o [1]
NVIC_EnableIRQ          0x08000199  0x14  Code  Lc  ddUsart2.o [1]
NVIC_SetPriority        0x080001ad  0x22  Code  Lc  ddUsart2.o [1]
NVIC_SetPriority        0x080003f5  0x22  Code  Lc  main.o [1]
NVIC_SetPriorityGrouping
                        0x080003d9  0x1c  Code  Lc  main.o [1]
OPEN_MSG                0x08000890  0x20  Data  Gb  main.o [1]
RX_Buffer               0x20000000  0x64  Data  Gb  ddUsart2.o [1]
RX_Buffer_Pointer       0x200000cb   0x1  Data  Gb  ddUsart2.o [1]
Region$$Table$$Base     0x08000880         --   Gb  - Linker created -
Region$$Table$$Limit    0x08000890         --   Gb  - Linker created -
SPI1_Setup              0x0800068d  0xb0  Code  Gb  ddSpi.o [1]
SPI_TX_RX_Byte_Polling  0x0800073d  0x22  Code  Gb  ddSpi.o [1]
SysTick_Config          0x08000417  0x2e  Code  Lc  main.o [1]
SysTick_Handler         0x080004cb  0x14  Code  Gb  main.o [1]
SystemInit              0x08000789  0x4c  Code  Gb  system_stm32f4xx.o [1]
TX_Buffer               0x20000064  0x64  Data  Gb  ddUsart2.o [1]
TX_Buffer_Pointer       0x200000cc   0x1  Data  Gb  ddUsart2.o [1]
TX_NumberofTransfer     0x200000cd   0x1  Data  Gb  ddUsart2.o [1]
USART2_IRQHandler       0x080002f1  0xa0  Code  Gb  ddUsart2.o [1]
USART2_Setup            0x080001cf  0x86  Code  Gb  ddUsart2.o [1]
USART2_TX_INT           0x080002af  0x42  Code  Gb  ddUsart2.o [1]
USART2_TX_Polling       0x08000255  0x5a  Code  Gb  ddUsart2.o [1]
__cmain                 0x080008cd        Code  Gb  cmain.o [5]
__exit                  0x080008fd  0x14  Code  Gb  exit.o [6]
__iar_data_init3        0x08000835  0x28  Code  Gb  data_init.o [5]
__iar_init_vfp          0x0800085d        Code  Gb  fpinit_M.o [4]
__iar_program_start     0x0800094d        Code  Gb  cstartup_M.o [5]
__iar_zero_init3        0x080007f5  0x40  Code  Gb  zero_init3.o [5]
__low_level_init        0x080008e7   0x4  Code  Gb  low_level_init.o [3]
__vector_table          0x08000000        Data  Gb  startup_stm32f411xe.o [1]
_call_main              0x080008d9        Code  Gb  cmain.o [5]
_exit                   0x080008f1        Code  Gb  cexit.o [5]
_main                   0x080008e3        Code  Gb  cmain.o [5]
buton_dig_cap           0x200000ca   0x1  Data  Gb  buton.o [1]
buton_oku_task          0x08000623  0x5a  Code  Gb  buton.o [1]
buton_old_state         0x200000c9   0x1  Data  Gb  buton.o [1]
buton_setup             0x08000615   0xe  Code  Gb  buton.o [1]
buton_state             0x200000c8   0x1  Data  Gb  buton.o [1]
buton_task              0x080004f9  0x48  Code  Gb  main.o [1]
exit                    0x080008eb   0x4  Code  Gb  exit.o [3]
led_counter             0x200000d1   0x1  Data  Gb  main.o [1]
main                    0x08000445  0x86  Code  Gb  main.o [1]


[1] = C:\Users\mehme\Desktop\ders-7-spi - Copy\Debug\Obj
[2] = command line
[3] = dl7M_tln.a
[4] = m7M_tls.a
[5] = rt7M_tl.a
[6] = shb_l.a

  2 526 bytes of readonly  code memory
    122 bytes of readonly  data memory
  8 402 bytes of readwrite data memory

Errors: none
Warnings: none
