###############################################################################
#
# IAR ELF Linker V7.50.2.10312/W32 for ARM                28/Jan/2017  00:36:34
# Copyright 2007-2015 IAR Systems AB.
#
#    Output file  =  
#        D:\Akademik\ARM\IAR
#        Calismalar\STM32F4-Examples\5.2-esp8266\Debug\Exe\c.out
#    Map file     =  
#        D:\Akademik\ARM\IAR
#        Calismalar\STM32F4-Examples\5.2-esp8266\Debug\List\c.map
#    Command line =  
#        "D:\Akademik\ARM\IAR
#        Calismalar\STM32F4-Examples\5.2-esp8266\Debug\Obj\main.o"
#        "D:\Akademik\ARM\IAR
#        Calismalar\STM32F4-Examples\5.2-esp8266\Debug\Obj\misc.o"
#        "D:\Akademik\ARM\IAR
#        Calismalar\STM32F4-Examples\5.2-esp8266\Debug\Obj\startup_stm32f4xx.o"
#        "D:\Akademik\ARM\IAR
#        Calismalar\STM32F4-Examples\5.2-esp8266\Debug\Obj\stm32f4xx_gpio.o"
#        "D:\Akademik\ARM\IAR
#        Calismalar\STM32F4-Examples\5.2-esp8266\Debug\Obj\stm32f4xx_it.o"
#        "D:\Akademik\ARM\IAR
#        Calismalar\STM32F4-Examples\5.2-esp8266\Debug\Obj\stm32f4xx_rcc.o"
#        "D:\Akademik\ARM\IAR
#        Calismalar\STM32F4-Examples\5.2-esp8266\Debug\Obj\stm32f4xx_usart.o"
#        "D:\Akademik\ARM\IAR
#        Calismalar\STM32F4-Examples\5.2-esp8266\Debug\Obj\system_stm32f4xx.o"
#        -o "D:\Akademik\ARM\IAR
#        Calismalar\STM32F4-Examples\5.2-esp8266\Debug\Exe\c.out" --redirect
#        _Printf=_PrintfFull --redirect _Scanf=_ScanfFull --map
#        "D:\Akademik\ARM\IAR
#        Calismalar\STM32F4-Examples\5.2-esp8266\Debug\List\c.map" --config
#        "C:\Program Files (x86)\IAR Systems\Embedded Workbench
#        7.3\arm\config\linker\ST\stm32f411xC.icf" --semihosting --entry
#        __iar_program_start --vfe
#
###############################################################################

*******************************************************************************
*** RUNTIME MODEL ATTRIBUTES
***

CppFlavor       = *
__SystemLibrary = DLib


*******************************************************************************
*** PLACEMENT SUMMARY
***

"A1":  place at 0x08000000 { ro section .intvec };
"P1":  place in [from 0x08000000 to 0x0803ffff] { ro };
"P2":  place in [from 0x20000000 to 0x2001ffff] { rw, block CSTACK, block HEAP };

  Section            Kind        Address    Size  Object
  -------            ----        -------    ----  ------
"A1":                                      0x188
  .intvec            ro code  0x08000000   0x188  startup_stm32f4xx.o [1]
                            - 0x08000188   0x188

"P1":                                      0x950
  .text              ro code  0x08000188   0x1b8  stm32f4xx_usart.o [1]
  .text              ro code  0x08000340   0x134  stm32f4xx_rcc.o [1]
  .text              ro code  0x08000474   0x14c  main.o [1]
  .text              ro code  0x080005c0    0xf4  stm32f4xx_gpio.o [1]
  .text              ro code  0x080006b4    0x70  misc.o [1]
  .text              ro code  0x08000724   0x144  system_stm32f4xx.o [1]
  .text              ro code  0x08000868    0x2c  copy_init3.o [4]
  .text              ro code  0x08000894    0x28  data_init.o [4]
  .iar.init_table    const    0x080008bc    0x14  - Linker created -
  .text              ro code  0x080008d0    0x1a  stm32f4xx_it.o [1]
  .text              ro code  0x080008ec    0x1a  cmain.o [4]
  .text              ro code  0x08000906     0x4  low_level_init.o [3]
  .text              ro code  0x0800090a     0x4  exit.o [3]
  .text              ro code  0x08000910     0xa  cexit.o [4]
  .text              ro code  0x0800091c    0x14  exit.o [5]
  Initializer bytes  const    0x08000930    0x18  <for P2-1>
  .text              ro code  0x08000948    0x10  startup_stm32f4xx.o [1]
  .text              ro code  0x08000958     0xc  cstartup_M.o [4]
  .rodata            const    0x08000964     0x8  main.o [1]
  .text              ro code  0x0800096c     0x4  startup_stm32f4xx.o [1]
  .text              ro code  0x08000970     0x4  startup_stm32f4xx.o [1]
  .text              ro code  0x08000974     0x4  startup_stm32f4xx.o [1]
  .text              ro code  0x08000978     0x4  startup_stm32f4xx.o [1]
  .text              ro code  0x0800097c     0x4  startup_stm32f4xx.o [1]
  .text              ro code  0x08000980     0x4  startup_stm32f4xx.o [1]
  .text              ro code  0x08000984     0x4  startup_stm32f4xx.o [1]
  .text              ro code  0x08000988     0x4  startup_stm32f4xx.o [1]
  .text              ro code  0x0800098c     0x4  startup_stm32f4xx.o [1]
  .text              ro code  0x08000990     0x4  startup_stm32f4xx.o [1]
  .text              ro code  0x08000994     0x4  startup_stm32f4xx.o [1]
  .text              ro code  0x08000998     0x4  startup_stm32f4xx.o [1]
  .text              ro code  0x0800099c     0x4  startup_stm32f4xx.o [1]
  .text              ro code  0x080009a0     0x4  startup_stm32f4xx.o [1]
  .text              ro code  0x080009a4     0x4  startup_stm32f4xx.o [1]
  .text              ro code  0x080009a8     0x4  startup_stm32f4xx.o [1]
  .text              ro code  0x080009ac     0x4  startup_stm32f4xx.o [1]
  .text              ro code  0x080009b0     0x4  startup_stm32f4xx.o [1]
  .text              ro code  0x080009b4     0x4  startup_stm32f4xx.o [1]
  .text              ro code  0x080009b8     0x4  startup_stm32f4xx.o [1]
  .text              ro code  0x080009bc     0x4  startup_stm32f4xx.o [1]
  .text              ro code  0x080009c0     0x4  startup_stm32f4xx.o [1]
  .text              ro code  0x080009c4     0x4  startup_stm32f4xx.o [1]
  .text              ro code  0x080009c8     0x4  startup_stm32f4xx.o [1]
  .text              ro code  0x080009cc     0x4  startup_stm32f4xx.o [1]
  .text              ro code  0x080009d0     0x4  startup_stm32f4xx.o [1]
  .text              ro code  0x080009d4     0x4  startup_stm32f4xx.o [1]
  .text              ro code  0x080009d8     0x4  startup_stm32f4xx.o [1]
  .text              ro code  0x080009dc     0x4  startup_stm32f4xx.o [1]
  .text              ro code  0x080009e0     0x4  startup_stm32f4xx.o [1]
  .text              ro code  0x080009e4     0x4  startup_stm32f4xx.o [1]
  .text              ro code  0x080009e8     0x4  startup_stm32f4xx.o [1]
  .text              ro code  0x080009ec     0x4  startup_stm32f4xx.o [1]
  .text              ro code  0x080009f0     0x4  startup_stm32f4xx.o [1]
  .text              ro code  0x080009f4     0x4  startup_stm32f4xx.o [1]
  .text              ro code  0x080009f8     0x4  startup_stm32f4xx.o [1]
  .text              ro code  0x080009fc     0x4  startup_stm32f4xx.o [1]
  .text              ro code  0x08000a00     0x4  startup_stm32f4xx.o [1]
  .text              ro code  0x08000a04     0x4  startup_stm32f4xx.o [1]
  .text              ro code  0x08000a08     0x4  startup_stm32f4xx.o [1]
  .text              ro code  0x08000a0c     0x4  startup_stm32f4xx.o [1]
  .text              ro code  0x08000a10     0x4  startup_stm32f4xx.o [1]
  .text              ro code  0x08000a14     0x4  startup_stm32f4xx.o [1]
  .text              ro code  0x08000a18     0x4  startup_stm32f4xx.o [1]
  .text              ro code  0x08000a1c     0x4  startup_stm32f4xx.o [1]
  .text              ro code  0x08000a20     0x4  startup_stm32f4xx.o [1]
  .text              ro code  0x08000a24     0x4  startup_stm32f4xx.o [1]
  .text              ro code  0x08000a28     0x4  startup_stm32f4xx.o [1]
  .text              ro code  0x08000a2c     0x4  startup_stm32f4xx.o [1]
  .text              ro code  0x08000a30     0x4  startup_stm32f4xx.o [1]
  .text              ro code  0x08000a34     0x4  startup_stm32f4xx.o [1]
  .text              ro code  0x08000a38     0x4  startup_stm32f4xx.o [1]
  .text              ro code  0x08000a3c     0x4  startup_stm32f4xx.o [1]
  .text              ro code  0x08000a40     0x4  startup_stm32f4xx.o [1]
  .text              ro code  0x08000a44     0x4  startup_stm32f4xx.o [1]
  .text              ro code  0x08000a48     0x4  startup_stm32f4xx.o [1]
  .text              ro code  0x08000a4c     0x4  startup_stm32f4xx.o [1]
  .text              ro code  0x08000a50     0x4  startup_stm32f4xx.o [1]
  .text              ro code  0x08000a54     0x4  startup_stm32f4xx.o [1]
  .text              ro code  0x08000a58     0x4  startup_stm32f4xx.o [1]
  .text              ro code  0x08000a5c     0x4  startup_stm32f4xx.o [1]
  .text              ro code  0x08000a60     0x4  startup_stm32f4xx.o [1]
  .text              ro code  0x08000a64     0x4  startup_stm32f4xx.o [1]
  .text              ro code  0x08000a68     0x4  startup_stm32f4xx.o [1]
  .text              ro code  0x08000a6c     0x4  startup_stm32f4xx.o [1]
  .text              ro code  0x08000a70     0x4  startup_stm32f4xx.o [1]
  .text              ro code  0x08000a74     0x4  startup_stm32f4xx.o [1]
  .text              ro code  0x08000a78     0x4  startup_stm32f4xx.o [1]
  .text              ro code  0x08000a7c     0x4  startup_stm32f4xx.o [1]
  .text              ro code  0x08000a80     0x4  startup_stm32f4xx.o [1]
  .text              ro code  0x08000a84     0x4  startup_stm32f4xx.o [1]
  .text              ro code  0x08000a88     0x4  startup_stm32f4xx.o [1]
  .text              ro code  0x08000a8c     0x4  startup_stm32f4xx.o [1]
  .text              ro code  0x08000a90     0x4  startup_stm32f4xx.o [1]
  .text              ro code  0x08000a94     0x4  startup_stm32f4xx.o [1]
  .text              ro code  0x08000a98     0x4  startup_stm32f4xx.o [1]
  .text              ro code  0x08000a9c     0x4  startup_stm32f4xx.o [1]
  .text              ro code  0x08000aa0     0x4  startup_stm32f4xx.o [1]
  .text              ro code  0x08000aa4     0x4  startup_stm32f4xx.o [1]
  .text              ro code  0x08000aa8     0x4  startup_stm32f4xx.o [1]
  .text              ro code  0x08000aac     0x4  startup_stm32f4xx.o [1]
  .text              ro code  0x08000ab0     0x4  startup_stm32f4xx.o [1]
  .text              ro code  0x08000ab4     0x4  startup_stm32f4xx.o [1]
  .text              ro code  0x08000ab8     0x4  startup_stm32f4xx.o [1]
  .text              ro code  0x08000abc     0x4  startup_stm32f4xx.o [1]
  .text              ro code  0x08000ac0     0x4  startup_stm32f4xx.o [1]
  .text              ro code  0x08000ac4     0x4  startup_stm32f4xx.o [1]
  .text              ro code  0x08000ac8     0x4  startup_stm32f4xx.o [1]
  .text              ro code  0x08000acc     0x4  startup_stm32f4xx.o [1]
  .text              ro code  0x08000ad0     0x4  startup_stm32f4xx.o [1]
  .text              ro code  0x08000ad4     0x4  startup_stm32f4xx.o [1]
  .rodata            const    0x08000ad8     0x0  copy_init3.o [4]
                            - 0x08000ad8   0x950

"P2", part 1 of 2:                          0x18
  P2-1                        0x20000000    0x15  <Init block>
    .data            inited   0x20000000    0x10  stm32f4xx_rcc.o [1]
    .bss             inited   0x20000010     0x4  main.o [1]
    .bss             inited   0x20000014     0x1  main.o [1]
                            - 0x20000015    0x15

"P2", part 2 of 2:                        0x2000
  CSTACK                      0x20000018  0x2000  <Block>
    CSTACK           uninit   0x20000018  0x2000  <Block tail>
                            - 0x20002018  0x2000


*******************************************************************************
*** INIT TABLE
***

          Address     Size
          -------     ----
Copy (__iar_copy_init3)
    1 source range, total size 0x18 (114% of destination):
          0x08000930  0x18
    1 destination range, total size 0x15:
          0x20000000  0x15



*******************************************************************************
*** MODULE SUMMARY
***

    Module               ro code  ro data  rw data
    ------               -------  -------  -------
D:\Akademik\ARM\IAR Calismalar\STM32F4-Examples\5.2-esp8266\Debug\Obj: [1]
    main.o                   332       13        5
    misc.o                   112
    startup_stm32f4xx.o      772
    stm32f4xx_gpio.o         244
    stm32f4xx_it.o            26
    stm32f4xx_rcc.o          308       16       16
    stm32f4xx_usart.o        440
    system_stm32f4xx.o       324
    ----------------------------------------------
    Total:                 2 558       29       21

command line: [2]
    ----------------------------------------------
    Total:

dl7M_tln.a: [3]
    exit.o                     4
    low_level_init.o           4
    ----------------------------------------------
    Total:                     8

rt7M_tl.a: [4]
    cexit.o                   10
    cmain.o                   26
    copy_init3.o              44
    cstartup_M.o              12
    data_init.o               40
    ----------------------------------------------
    Total:                   132

shb_l.a: [5]
    exit.o                    20
    ----------------------------------------------
    Total:                    20

    Gaps                       6
    Linker created                     23    8 192
--------------------------------------------------
    Grand Total:           2 724       52    8 213


*******************************************************************************
*** ENTRY LIST
***

Entry                      Address  Size  Type      Object
-----                      -------  ----  ----      ------
.iar.init_table$$Base   0x080008bc         --   Gb  - Linker created -
.iar.init_table$$Limit  0x080008d0         --   Gb  - Linker created -
?main                   0x080008ed        Code  Gb  cmain.o [4]
APBAHBPrescTable        0x20000000  0x10  Data  Lc  stm32f4xx_rcc.o [1]
BusFault_Handler        0x080008d7   0x2  Code  Gb  stm32f4xx_it.o [1]
CSTACK$$Base            0x20000018         --   Gb  - Linker created -
CSTACK$$Limit           0x20002018         --   Gb  - Linker created -
DebugMon_Handler        0x080008dd   0x2  Code  Gb  stm32f4xx_it.o [1]
GPIO_Init               0x080005c1  0xa4  Code  Gb  stm32f4xx_gpio.o [1]
GPIO_PinAFConfig        0x08000665  0x50  Code  Gb  stm32f4xx_gpio.o [1]
HardFault_Handler       0x080008d3   0x2  Code  Gb  stm32f4xx_it.o [1]
MemManage_Handler       0x080008d5   0x2  Code  Gb  stm32f4xx_it.o [1]
NMI_Handler             0x080008d1   0x2  Code  Gb  stm32f4xx_it.o [1]
NVIC_Init               0x080006b5  0x60  Code  Gb  misc.o [1]
PendSV_Handler          0x080008df   0x2  Code  Gb  stm32f4xx_it.o [1]
RCC_AHB1PeriphClockCmd  0x08000419  0x20  Code  Gb  stm32f4xx_rcc.o [1]
RCC_APB2PeriphClockCmd  0x08000439  0x20  Code  Gb  stm32f4xx_rcc.o [1]
RCC_GetClocksFreq       0x08000341  0xd8  Code  Gb  stm32f4xx_rcc.o [1]
Region$$Table$$Base     0x080008bc         --   Gb  - Linker created -
Region$$Table$$Limit    0x080008d0         --   Gb  - Linker created -
SVC_Handler             0x080008db   0x2  Code  Gb  stm32f4xx_it.o [1]
SetSysClock             0x0800076b  0xce  Code  Lc  system_stm32f4xx.o [1]
SysTick_Handler         0x080008e1   0x2  Code  Gb  stm32f4xx_it.o [1]
SystemInit              0x08000725  0x46  Code  Gb  system_stm32f4xx.o [1]
TIM1_CC_IRQHandler      0x080008e9   0x2  Code  Gb  stm32f4xx_it.o [1]
TIM2_IRQHandler         0x080008e3   0x2  Code  Gb  stm32f4xx_it.o [1]
TIM3_IRQHandler         0x080008e5   0x2  Code  Gb  stm32f4xx_it.o [1]
TIM4_IRQHandler         0x080008e7   0x2  Code  Gb  stm32f4xx_it.o [1]
USART1_IRQHandler       0x08000565  0x40  Code  Gb  main.o [1]
USART_Cmd               0x0800024d  0x1c  Code  Gb  stm32f4xx_usart.o [1]
USART_ESP8266           0x080004b9  0xac  Code  Gb  main.o [1]
USART_GetFlagStatus     0x080002c3  0x1a  Code  Gb  stm32f4xx_usart.o [1]
USART_GetITStatus       0x080002dd  0x64  Code  Gb  stm32f4xx_usart.o [1]
USART_ITConfig          0x08000271  0x52  Code  Gb  stm32f4xx_usart.o [1]
USART_Init              0x08000189  0xb6  Code  Gb  stm32f4xx_usart.o [1]
USART_Send              0x08000489  0x30  Code  Gb  main.o [1]
USART_SendData          0x08000269   0x8  Code  Gb  stm32f4xx_usart.o [1]
UsageFault_Handler      0x080008d9   0x2  Code  Gb  stm32f4xx_it.o [1]
__cmain                 0x080008ed        Code  Gb  cmain.o [4]
__exit                  0x0800091d  0x14  Code  Gb  exit.o [5]
__iar_copy_init3        0x08000869  0x2c  Code  Gb  copy_init3.o [4]
__iar_data_init3        0x08000895  0x28  Code  Gb  data_init.o [4]
__iar_program_start     0x08000959        Code  Gb  cstartup_M.o [4]
__low_level_init        0x08000907   0x4  Code  Gb  low_level_init.o [3]
__vector_table          0x08000000        Data  Gb  startup_stm32f4xx.o [1]
_call_main              0x080008f9        Code  Gb  cmain.o [4]
_exit                   0x08000911        Code  Gb  cexit.o [4]
_main                   0x08000903        Code  Gb  cmain.o [4]
exit                    0x0800090b   0x4  Code  Gb  exit.o [3]
gelenVeri               0x20000010   0x4  Data  Gb  main.o [1]
main                    0x08000475  0x14  Code  Gb  main.o [1]


[1] = D:\Akademik\ARM\IAR Calismalar\STM32F4-Examples\5.2-esp8266\Debug\Obj
[2] = command line
[3] = dl7M_tln.a
[4] = rt7M_tl.a
[5] = shb_l.a

  2 724 bytes of readonly  code memory
     52 bytes of readonly  data memory
  8 213 bytes of readwrite data memory

Errors: none
Warnings: none
