###############################################################################
#
# IAR ELF Linker V7.50.2.10312/W32 for ARM                25/Dec/2016  05:59:08
# Copyright 2007-2015 IAR Systems AB.
#
#    Output file  =  
#        D:\Akademik\ARM\IAR
#        Calismalar\STM32F4-Examples\2-ledBlinkingWithLibrary\Debug\Exe\c.out
#    Map file     =  
#        D:\Akademik\ARM\IAR
#        Calismalar\STM32F4-Examples\2-ledBlinkingWithLibrary\Debug\List\c.map
#    Command line =  
#        "D:\Akademik\ARM\IAR
#        Calismalar\STM32F4-Examples\2-ledBlinkingWithLibrary\Debug\Obj\main.o"
#        "D:\Akademik\ARM\IAR
#        Calismalar\STM32F4-Examples\2-ledBlinkingWithLibrary\Debug\Obj\misc.o"
#        "D:\Akademik\ARM\IAR
#        Calismalar\STM32F4-Examples\2-ledBlinkingWithLibrary\Debug\Obj\stm32f4xx_gpio.o"
#        "D:\Akademik\ARM\IAR
#        Calismalar\STM32F4-Examples\2-ledBlinkingWithLibrary\Debug\Obj\stm32f4xx_rcc.o"
#        -o "D:\Akademik\ARM\IAR
#        Calismalar\STM32F4-Examples\2-ledBlinkingWithLibrary\Debug\Exe\c.out"
#        --redirect _Printf=_PrintfFull --redirect _Scanf=_ScanfFull --map
#        "D:\Akademik\ARM\IAR
#        Calismalar\STM32F4-Examples\2-ledBlinkingWithLibrary\Debug\List\c.map"
#        --config "C:\Program Files (x86)\IAR Systems\Embedded Workbench
#        7.3\arm\config\linker\ST\stm32f411xC.icf" --semihosting --entry
#        __iar_program_start --vfe
#
###############################################################################

*******************************************************************************
*** RUNTIME MODEL ATTRIBUTES
***

CppFlavor       = *
__SystemLibrary = DLib


*******************************************************************************
*** PLACEMENT SUMMARY
***

"A1":  place at 0x08000000 { ro section .intvec };
"P1":  place in [from 0x08000000 to 0x0803ffff] { ro };
"P2":  place in [from 0x20000000 to 0x2001ffff] { rw, block CSTACK, block HEAP };

  Section   Kind        Address    Size  Object
  -------   ----        -------    ----  ------
"A1":                              0x40
  .intvec   ro code  0x08000000    0x40  vector_table_M.o [4]
                   - 0x08000040    0x40

"P1":                             0x190
  .text     ro code  0x08000040    0xac  stm32f4xx_gpio.o [1]
  .text     ro code  0x080000ec    0x70  main.o [1]
  .text     ro code  0x0800015c    0x24  stm32f4xx_rcc.o [1]
  .text     ro code  0x08000180    0x1a  cmain.o [4]
  .text     ro code  0x0800019a     0x4  low_level_init.o [3]
  .text     ro code  0x0800019e     0x4  exit.o [3]
  .text     ro code  0x080001a2     0x2  vector_table_M.o [4]
  .text     ro code  0x080001a4     0xa  cexit.o [4]
  .text     ro code  0x080001b0    0x14  exit.o [5]
  .text     ro code  0x080001c4     0xc  cstartup_M.o [4]
                   - 0x080001d0   0x190

"P2":                            0x2000
  CSTACK             0x20000000  0x2000  <Block>
    CSTACK  uninit   0x20000000  0x2000  <Block tail>
                   - 0x20002000  0x2000



*******************************************************************************
*** MODULE SUMMARY
***

    Module            ro code  rw data
    ------            -------  -------
D:\Akademik\ARM\IAR Calismalar\STM32F4-Examples\2-ledBlinkingWithLibrary\Debug\Obj: [1]
    main.o                112
    stm32f4xx_gpio.o      172
    stm32f4xx_rcc.o        36
    ----------------------------------
    Total:                320

command line: [2]
    ----------------------------------
    Total:

dl7M_tln.a: [3]
    exit.o                  4
    low_level_init.o        4
    ----------------------------------
    Total:                  8

rt7M_tl.a: [4]
    cexit.o                10
    cmain.o                26
    cstartup_M.o           12
    vector_table_M.o       66
    ----------------------------------
    Total:                114

shb_l.a: [5]
    exit.o                 20
    ----------------------------------
    Total:                 20

    Gaps                    2
    Linker created               8 192
--------------------------------------
    Grand Total:          464    8 192


*******************************************************************************
*** ENTRY LIST
***

Entry                      Address  Size  Type      Object
-----                      -------  ----  ----      ------
?main                   0x08000181        Code  Gb  cmain.o [4]
CSTACK$$Base            0x20000000         --   Gb  - Linker created -
CSTACK$$Limit           0x20002000         --   Gb  - Linker created -
GPIO_Hazirliklari       0x0800011f  0x34  Code  Gb  main.o [1]
GPIO_Init               0x08000041  0xa4  Code  Gb  stm32f4xx_gpio.o [1]
GPIO_ResetBits          0x080000e9   0x4  Code  Gb  stm32f4xx_gpio.o [1]
GPIO_SetBits            0x080000e5   0x4  Code  Gb  stm32f4xx_gpio.o [1]
RCC_AHB1PeriphClockCmd  0x0800015d  0x20  Code  Gb  stm32f4xx_rcc.o [1]
Region$$Table$$Base     0x00000000         --   Gb  - Linker created -
Region$$Table$$Limit    0x00000000         --   Gb  - Linker created -
__cmain                 0x08000181        Code  Gb  cmain.o [4]
__exit                  0x080001b1  0x14  Code  Gb  exit.o [5]
__iar_program_start     0x080001c5        Code  Gb  cstartup_M.o [4]
__low_level_init        0x0800019b   0x4  Code  Gb  low_level_init.o [3]
__vector_table          0x08000000        Data  Gb  vector_table_M.o [4]
_call_main              0x0800018d        Code  Gb  cmain.o [4]
_exit                   0x080001a5        Code  Gb  cexit.o [4]
_main                   0x08000197        Code  Gb  cmain.o [4]
canimDelayim            0x08000115   0xa  Code  Gb  main.o [1]
exit                    0x0800019f   0x4  Code  Gb  exit.o [3]
main                    0x080000ed  0x28  Code  Gb  main.o [1]


[1] = D:\Akademik\ARM\IAR Calismalar\STM32F4-Examples\2-ledBlinkingWithLibrary\Debug\Obj
[2] = command line
[3] = dl7M_tln.a
[4] = rt7M_tl.a
[5] = shb_l.a

    464 bytes of readonly  code memory
  8 192 bytes of readwrite data memory

Errors: none
Warnings: none
