###############################################################################
#
# IAR ELF Linker V7.50.2.10312/W32 for ARM                24/Dec/2016  02:36:27
# Copyright 2007-2015 IAR Systems AB.
#
#    Output file  =  
#        D:\Akademik\ARM\IAR
#        Calismalar\STM32F4-Examples\SpiHaberlesmesi\Debug\Exe\c.out
#    Map file     =  
#        D:\Akademik\ARM\IAR
#        Calismalar\STM32F4-Examples\SpiHaberlesmesi\Debug\List\c.map
#    Command line =  
#        "D:\Akademik\ARM\IAR
#        Calismalar\STM32F4-Examples\SpiHaberlesmesi\Debug\Obj\main.o"
#        "D:\Akademik\ARM\IAR
#        Calismalar\STM32F4-Examples\SpiHaberlesmesi\Debug\Obj\misc.o"
#        "D:\Akademik\ARM\IAR
#        Calismalar\STM32F4-Examples\SpiHaberlesmesi\Debug\Obj\startup_stm32f4xx.o"
#        "D:\Akademik\ARM\IAR
#        Calismalar\STM32F4-Examples\SpiHaberlesmesi\Debug\Obj\stm32f4_discovery.o"
#        "D:\Akademik\ARM\IAR
#        Calismalar\STM32F4-Examples\SpiHaberlesmesi\Debug\Obj\stm32f4xx_exti.o"
#        "D:\Akademik\ARM\IAR
#        Calismalar\STM32F4-Examples\SpiHaberlesmesi\Debug\Obj\stm32f4xx_gpio.o"
#        "D:\Akademik\ARM\IAR
#        Calismalar\STM32F4-Examples\SpiHaberlesmesi\Debug\Obj\stm32f4xx_it.o"
#        "D:\Akademik\ARM\IAR
#        Calismalar\STM32F4-Examples\SpiHaberlesmesi\Debug\Obj\stm32f4xx_rcc.o"
#        "D:\Akademik\ARM\IAR
#        Calismalar\STM32F4-Examples\SpiHaberlesmesi\Debug\Obj\stm32f4xx_spi.o"
#        "D:\Akademik\ARM\IAR
#        Calismalar\STM32F4-Examples\SpiHaberlesmesi\Debug\Obj\stm32f4xx_syscfg.o"
#        "D:\Akademik\ARM\IAR
#        Calismalar\STM32F4-Examples\SpiHaberlesmesi\Debug\Obj\system_stm32f4xx.o"
#        -o "D:\Akademik\ARM\IAR
#        Calismalar\STM32F4-Examples\SpiHaberlesmesi\Debug\Exe\c.out"
#        --redirect _Printf=_PrintfFull --redirect _Scanf=_ScanfFull --map
#        "D:\Akademik\ARM\IAR
#        Calismalar\STM32F4-Examples\SpiHaberlesmesi\Debug\List\c.map" --config
#        "C:\Program Files (x86)\IAR Systems\Embedded Workbench
#        7.3\arm\config\linker\ST\stm32f411xC.icf" --semihosting --entry
#        __iar_program_start --vfe
#
###############################################################################

*******************************************************************************
*** RUNTIME MODEL ATTRIBUTES
***

CppFlavor       = *
__SystemLibrary = DLib


*******************************************************************************
*** PLACEMENT SUMMARY
***

"A1":  place at 0x08000000 { ro section .intvec };
"P1":  place in [from 0x08000000 to 0x0803ffff] { ro };
"P2":  place in [from 0x20000000 to 0x2001ffff] { rw, block CSTACK, block HEAP };

  Section            Kind        Address    Size  Object
  -------            ----        -------    ----  ------
"A1":                                      0x188
  .intvec            ro code  0x08000000   0x188  startup_stm32f4xx.o [1]
                            - 0x08000188   0x188

"P1":                                     0x202c
  .text              ro code  0x08000188   0xda6  xprintffull.o [3]
  .text              ro code  0x08000f30    0x16  strchr.o [5]
  .text              ro code  0x08000f48    0x36  strlen.o [5]
  .text              ro code  0x08000f80    0x58  memchr.o [5]
  .text              ro code  0x08000fd8    0xee  I64DivMod.o [5]
  .text              ro code  0x080010c8    0x76  ABImemcpy_unaligned.o [5]
  .text              ro code  0x0800113e    0x42  xdnorm.o [4]
  .text              ro code  0x08001180    0x2e  DblCmpLe.o [4]
  .text              ro code  0x080011b0    0x2e  DblCmpGe.o [4]
  .text              ro code  0x080011e0   0x10c  xdscale.o [4]
  .text              ro code  0x080012ec    0x58  DblToI32.o [4]
  .text              ro code  0x08001344    0x30  I32ToDbl.o [4]
  .text              ro code  0x08001374   0x180  DblSub.o [4]
  .text              ro code  0x080014f4   0x1a2  DblMul.o [4]
  .text              ro code  0x08001698   0x256  DblDiv.o [4]
  .text              ro code  0x080018ee     0xe  div.o [3]
  .text              ro code  0x080018fc     0x2  I64DivZer.o [5]
  .text              ro code  0x08001900    0xd4  DblAdd.o [4]
  .text              ro code  0x080019d4   0x158  main.o [1]
  .text              ro code  0x08001b2c    0x48  stm32f4xx_rcc.o [1]
  .text              ro code  0x08001b74    0xfc  stm32f4xx_gpio.o [1]
  .text              ro code  0x08001c70    0x5a  stm32f4xx_spi.o [1]
  .text              ro code  0x08001ccc    0x24  printf.o [3]
  .text              ro code  0x08001cf0   0x144  system_stm32f4xx.o [1]
  .text              ro code  0x08001e34    0x6c  iarttio.o [6]
  .text              ro code  0x08001ea0     0x8  XShttio.o [3]
  .text              ro code  0x08001ea8    0x2c  copy_init3.o [5]
  .text              ro code  0x08001ed4    0x28  putchar.o [3]
  .text              ro code  0x08001efc    0x10  write.o [6]
  .text              ro code  0x08001f0c    0x1e  dwrite.o [6]
  .text              ro code  0x08001f2a    0x20  iarwstd.o [6]
  .text              ro code  0x08001f4a    0x22  iarwrite.o [6]
  .text              ro code  0x08001f6c    0x28  data_init.o [5]
  .iar.init_table    const    0x08001f94    0x14  - Linker created -
  .text              ro code  0x08001fa8    0x1a  stm32f4xx_it.o [1]
  .text              ro code  0x08001fc4    0x1a  cmain.o [5]
  .text              ro code  0x08001fde     0x4  low_level_init.o [3]
  .text              ro code  0x08001fe2     0x4  exit.o [3]
  .text              ro code  0x08001fe8     0xa  cexit.o [5]
  .text              ro code  0x08001ff4    0x14  exit.o [6]
  .text              ro code  0x08002008    0x16  xprout.o [3]
  .text              ro code  0x08002020    0x10  startup_stm32f4xx.o [1]
  .text              ro code  0x08002030     0xc  cstartup_M.o [5]
  Initializer bytes  const    0x0800203c     0xc  <for P2-1>
  .text              ro code  0x08002048     0x4  startup_stm32f4xx.o [1]
  .text              ro code  0x0800204c     0x4  startup_stm32f4xx.o [1]
  .text              ro code  0x08002050     0x4  startup_stm32f4xx.o [1]
  .text              ro code  0x08002054     0x4  startup_stm32f4xx.o [1]
  .text              ro code  0x08002058     0x4  startup_stm32f4xx.o [1]
  .text              ro code  0x0800205c     0x4  startup_stm32f4xx.o [1]
  .text              ro code  0x08002060     0x4  startup_stm32f4xx.o [1]
  .text              ro code  0x08002064     0x4  startup_stm32f4xx.o [1]
  .text              ro code  0x08002068     0x4  startup_stm32f4xx.o [1]
  .text              ro code  0x0800206c     0x4  startup_stm32f4xx.o [1]
  .text              ro code  0x08002070     0x4  startup_stm32f4xx.o [1]
  .text              ro code  0x08002074     0x4  startup_stm32f4xx.o [1]
  .text              ro code  0x08002078     0x4  startup_stm32f4xx.o [1]
  .text              ro code  0x0800207c     0x4  startup_stm32f4xx.o [1]
  .text              ro code  0x08002080     0x4  startup_stm32f4xx.o [1]
  .text              ro code  0x08002084     0x4  startup_stm32f4xx.o [1]
  .text              ro code  0x08002088     0x4  startup_stm32f4xx.o [1]
  .text              ro code  0x0800208c     0x4  startup_stm32f4xx.o [1]
  .text              ro code  0x08002090     0x4  startup_stm32f4xx.o [1]
  .text              ro code  0x08002094     0x4  startup_stm32f4xx.o [1]
  .text              ro code  0x08002098     0x4  startup_stm32f4xx.o [1]
  .text              ro code  0x0800209c     0x4  startup_stm32f4xx.o [1]
  .text              ro code  0x080020a0     0x4  startup_stm32f4xx.o [1]
  .text              ro code  0x080020a4     0x4  startup_stm32f4xx.o [1]
  .text              ro code  0x080020a8     0x4  startup_stm32f4xx.o [1]
  .text              ro code  0x080020ac     0x4  startup_stm32f4xx.o [1]
  .text              ro code  0x080020b0     0x4  startup_stm32f4xx.o [1]
  .text              ro code  0x080020b4     0x4  startup_stm32f4xx.o [1]
  .text              ro code  0x080020b8     0x4  startup_stm32f4xx.o [1]
  .text              ro code  0x080020bc     0x4  startup_stm32f4xx.o [1]
  .text              ro code  0x080020c0     0x4  startup_stm32f4xx.o [1]
  .text              ro code  0x080020c4     0x4  startup_stm32f4xx.o [1]
  .text              ro code  0x080020c8     0x4  startup_stm32f4xx.o [1]
  .text              ro code  0x080020cc     0x4  startup_stm32f4xx.o [1]
  .text              ro code  0x080020d0     0x4  startup_stm32f4xx.o [1]
  .text              ro code  0x080020d4     0x4  startup_stm32f4xx.o [1]
  .text              ro code  0x080020d8     0x4  startup_stm32f4xx.o [1]
  .text              ro code  0x080020dc     0x4  startup_stm32f4xx.o [1]
  .text              ro code  0x080020e0     0x4  startup_stm32f4xx.o [1]
  .text              ro code  0x080020e4     0x4  startup_stm32f4xx.o [1]
  .text              ro code  0x080020e8     0x4  startup_stm32f4xx.o [1]
  .text              ro code  0x080020ec     0x4  startup_stm32f4xx.o [1]
  .text              ro code  0x080020f0     0x4  startup_stm32f4xx.o [1]
  .text              ro code  0x080020f4     0x4  startup_stm32f4xx.o [1]
  .text              ro code  0x080020f8     0x4  startup_stm32f4xx.o [1]
  .text              ro code  0x080020fc     0x4  startup_stm32f4xx.o [1]
  .text              ro code  0x08002100     0x4  startup_stm32f4xx.o [1]
  .text              ro code  0x08002104     0x4  startup_stm32f4xx.o [1]
  .text              ro code  0x08002108     0x4  startup_stm32f4xx.o [1]
  .text              ro code  0x0800210c     0x4  startup_stm32f4xx.o [1]
  .text              ro code  0x08002110     0x4  startup_stm32f4xx.o [1]
  .text              ro code  0x08002114     0x4  startup_stm32f4xx.o [1]
  .text              ro code  0x08002118     0x4  startup_stm32f4xx.o [1]
  .text              ro code  0x0800211c     0x4  startup_stm32f4xx.o [1]
  .text              ro code  0x08002120     0x4  startup_stm32f4xx.o [1]
  .text              ro code  0x08002124     0x4  startup_stm32f4xx.o [1]
  .text              ro code  0x08002128     0x4  startup_stm32f4xx.o [1]
  .text              ro code  0x0800212c     0x4  startup_stm32f4xx.o [1]
  .text              ro code  0x08002130     0x4  startup_stm32f4xx.o [1]
  .text              ro code  0x08002134     0x4  startup_stm32f4xx.o [1]
  .text              ro code  0x08002138     0x4  startup_stm32f4xx.o [1]
  .text              ro code  0x0800213c     0x4  startup_stm32f4xx.o [1]
  .text              ro code  0x08002140     0x4  startup_stm32f4xx.o [1]
  .text              ro code  0x08002144     0x4  startup_stm32f4xx.o [1]
  .text              ro code  0x08002148     0x4  startup_stm32f4xx.o [1]
  .text              ro code  0x0800214c     0x4  startup_stm32f4xx.o [1]
  .text              ro code  0x08002150     0x4  startup_stm32f4xx.o [1]
  .text              ro code  0x08002154     0x4  startup_stm32f4xx.o [1]
  .text              ro code  0x08002158     0x4  startup_stm32f4xx.o [1]
  .text              ro code  0x0800215c     0x4  startup_stm32f4xx.o [1]
  .text              ro code  0x08002160     0x4  startup_stm32f4xx.o [1]
  .text              ro code  0x08002164     0x4  startup_stm32f4xx.o [1]
  .text              ro code  0x08002168     0x4  startup_stm32f4xx.o [1]
  .text              ro code  0x0800216c     0x4  startup_stm32f4xx.o [1]
  .text              ro code  0x08002170     0x4  startup_stm32f4xx.o [1]
  .text              ro code  0x08002174     0x4  startup_stm32f4xx.o [1]
  .text              ro code  0x08002178     0x4  startup_stm32f4xx.o [1]
  .text              ro code  0x0800217c     0x4  startup_stm32f4xx.o [1]
  .text              ro code  0x08002180     0x4  startup_stm32f4xx.o [1]
  .text              ro code  0x08002184     0x4  startup_stm32f4xx.o [1]
  .text              ro code  0x08002188     0x4  startup_stm32f4xx.o [1]
  .text              ro code  0x0800218c     0x4  startup_stm32f4xx.o [1]
  .text              ro code  0x08002190     0x4  startup_stm32f4xx.o [1]
  .text              ro code  0x08002194     0x4  startup_stm32f4xx.o [1]
  .text              ro code  0x08002198     0x4  startup_stm32f4xx.o [1]
  .text              ro code  0x0800219c     0x4  startup_stm32f4xx.o [1]
  .text              ro code  0x080021a0     0x4  startup_stm32f4xx.o [1]
  .text              ro code  0x080021a4     0x4  startup_stm32f4xx.o [1]
  .text              ro code  0x080021a8     0x4  startup_stm32f4xx.o [1]
  .text              ro code  0x080021ac     0x4  startup_stm32f4xx.o [1]
  .text              ro code  0x080021b0     0x4  startup_stm32f4xx.o [1]
  .rodata            const    0x080021b4     0x0  copy_init3.o [5]
                            - 0x080021b4  0x202c

"P2", part 1 of 2:                           0xc
  P2-1                        0x20000000     0x9  <Init block>
    .data            inited   0x20000000     0x8  XShttio.o [3]
    .data            inited   0x20000008     0x1  main.o [1]
                            - 0x20000009     0x9

"P2", part 2 of 2:                        0x2000
  CSTACK                      0x20000010  0x2000  <Block>
    CSTACK           uninit   0x20000010  0x2000  <Block tail>
                            - 0x20002010  0x2000


*******************************************************************************
*** INIT TABLE
***

          Address     Size
          -------     ----
Copy (__iar_copy_init3)
    1 source range, total size 0xc (133% of destination):
          0x0800203c   0xc
    1 destination range, total size 0x9:
          0x20000000   0x9



*******************************************************************************
*** MODULE SUMMARY
***

    Module                 ro code  ro data  rw data
    ------                 -------  -------  -------
D:\Akademik\ARM\IAR Calismalar\STM32F4-Examples\SpiHaberlesmesi\Debug\Obj: [1]
    main.o                     344        1        1
    startup_stm32f4xx.o        772
    stm32f4xx_gpio.o           252
    stm32f4xx_it.o              26
    stm32f4xx_rcc.o             72
    stm32f4xx_spi.o             90
    system_stm32f4xx.o         324
    ------------------------------------------------
    Total:                   1 880        1        1

command line: [2]
    ------------------------------------------------
    Total:

dl7M_tln.a: [3]
    XShttio.o                    8        8        8
    div.o                       14
    exit.o                       4
    low_level_init.o             4
    printf.o                    36
    putchar.o                   40
    xprintffull.o            3 494
    xprout.o                    22
    ------------------------------------------------
    Total:                   3 622        8        8

m7M_tl.a: [4]
    DblAdd.o                   212
    DblCmpGe.o                  46
    DblCmpLe.o                  46
    DblDiv.o                   598
    DblMul.o                   418
    DblSub.o                   384
    DblToI32.o                  88
    I32ToDbl.o                  48
    xdnorm.o                    66
    xdscale.o                  268
    ------------------------------------------------
    Total:                   2 174

rt7M_tl.a: [5]
    ABImemcpy_unaligned.o      118
    I64DivMod.o                238
    I64DivZer.o                  2
    cexit.o                     10
    cmain.o                     26
    copy_init3.o                44
    cstartup_M.o                12
    data_init.o                 40
    memchr.o                    88
    strchr.o                    22
    strlen.o                    54
    ------------------------------------------------
    Total:                     654

shb_l.a: [6]
    dwrite.o                    30
    exit.o                      20
    iarttio.o                  108
    iarwrite.o                  34
    iarwstd.o                   32
    write.o                     16
    ------------------------------------------------
    Total:                     240

    Gaps                        26
    Linker created                       23    8 192
----------------------------------------------------
    Grand Total:             8 596       32    8 201


*******************************************************************************
*** ENTRY LIST
***

Entry                      Address   Size  Type      Object
-----                      -------   ----  ----      ------
.iar.init_table$$Base   0x08001f94          --   Gb  - Linker created -
.iar.init_table$$Limit  0x08001fa8          --   Gb  - Linker created -
?main                   0x08001fc5         Code  Gb  cmain.o [5]
BusFault_Handler        0x08001faf    0x2  Code  Gb  stm32f4xx_it.o [1]
CSTACK$$Base            0x20000010          --   Gb  - Linker created -
CSTACK$$Limit           0x20002010          --   Gb  - Linker created -
DebugMon_Handler        0x08001fb5    0x2  Code  Gb  stm32f4xx_it.o [1]
GPIO_Init               0x08001b75   0xa4  Code  Gb  stm32f4xx_gpio.o [1]
GPIO_PinAFConfig        0x08001c21   0x50  Code  Gb  stm32f4xx_gpio.o [1]
GPIO_ResetBits          0x08001c1d    0x4  Code  Gb  stm32f4xx_gpio.o [1]
GPIO_SetBits            0x08001c19    0x4  Code  Gb  stm32f4xx_gpio.o [1]
HardFault_Handler       0x08001fab    0x2  Code  Gb  stm32f4xx_it.o [1]
LoadInt                 0x0800070d   0x6e  Code  Lc  xprintffull.o [3]
MemManage_Handler       0x08001fad    0x2  Code  Gb  stm32f4xx_it.o [1]
NMI_Handler             0x08001fa9    0x2  Code  Gb  stm32f4xx_it.o [1]
PendSV_Handler          0x08001fb7    0x2  Code  Gb  stm32f4xx_it.o [1]
RCC_AHB1PeriphClockCmd  0x08001b2d   0x20  Code  Gb  stm32f4xx_rcc.o [1]
RCC_APB2PeriphClockCmd  0x08001b4d   0x20  Code  Gb  stm32f4xx_rcc.o [1]
Region$$Table$$Base     0x08001f94          --   Gb  - Linker created -
Region$$Table$$Limit    0x08001fa8          --   Gb  - Linker created -
SPI1_send               0x08001aad   0x26  Code  Gb  main.o [1]
SPI_Cmd                 0x08001caf   0x1c  Code  Gb  stm32f4xx_spi.o [1]
SPI_Init                0x08001c71   0x3e  Code  Gb  stm32f4xx_spi.o [1]
SVC_Handler             0x08001fb3    0x2  Code  Gb  stm32f4xx_it.o [1]
SetSysClock             0x08001d37   0xce  Code  Lc  system_stm32f4xx.o [1]
SysTick_Handler         0x08001fb9    0x2  Code  Gb  stm32f4xx_it.o [1]
SystemInit              0x08001cf1   0x46  Code  Gb  system_stm32f4xx.o [1]
TIM1_CC_IRQHandler      0x08001fc1    0x2  Code  Gb  stm32f4xx_it.o [1]
TIM2_IRQHandler         0x08001fbb    0x2  Code  Gb  stm32f4xx_it.o [1]
TIM3_IRQHandler         0x08001fbd    0x2  Code  Gb  stm32f4xx_it.o [1]
TIM4_IRQHandler         0x08001fbf    0x2  Code  Gb  stm32f4xx_it.o [1]
UsageFault_Handler      0x08001fb1    0x2  Code  Gb  stm32f4xx_it.o [1]
_GenldFull              0x08000c83  0x262  Code  Lc  xprintffull.o [3]
_LdtobFull              0x08000881  0x3fc  Code  Lc  xprintffull.o [3]
_LitobFull              0x0800077b  0x106  Code  Lc  xprintffull.o [3]
_PrintfFull             0x08000189  0x57e  Code  Gb  xprintffull.o [3]
_Prout                  0x08002009   0x16  Code  Gb  xprout.o [3]
_PutcharsFull           0x08000ee5   0x2e  Code  Lc  xprintffull.o [3]
__aeabi_cdcmple         0x08001181         Code  Gb  DblCmpLe.o [4]
__aeabi_cdrcmple        0x080011b1         Code  Gb  DblCmpGe.o [4]
__aeabi_d2iz            0x080012ed         Code  Gb  DblToI32.o [4]
__aeabi_d2uiz           0x08001319         Code  Gb  DblToI32.o [4]
__aeabi_ddiv            0x08001699         Code  Gb  DblDiv.o [4]
__aeabi_dmul            0x080014f5         Code  Gb  DblMul.o [4]
__aeabi_dsub            0x08001375         Code  Gb  DblSub.o [4]
__aeabi_i2d             0x08001345         Code  Gb  I32ToDbl.o [4]
__aeabi_ldiv0           0x080018fd         Code  Gb  I64DivZer.o [5]
__aeabi_ui2d            0x08001359         Code  Gb  I32ToDbl.o [4]
__aeabi_uldivmod        0x08000fd9         Code  Gb  I64DivMod.o [5]
__cmain                 0x08001fc5         Code  Gb  cmain.o [5]
__dwrite                0x08001f0d   0x1e  Code  Gb  dwrite.o [6]
__exit                  0x08001ff5   0x14  Code  Gb  exit.o [6]
__iar_Dnorm             0x0800113f   0x42  Code  Gb  xdnorm.o [4]
__iar_Dscale            0x080011e1  0x10c  Code  Gb  xdscale.o [4]
__iar_Memchr            0x08000f81         Code  Gb  memchr.o [5]
__iar_Strchr            0x08000f31         Code  Gb  strchr.o [5]
__iar_close_ttio        0x08001e35   0x2e  Code  Gb  iarttio.o [6]
__iar_copy_init3        0x08001ea9   0x2c  Code  Gb  copy_init3.o [5]
__iar_d2uiz             0x08001325         Code  Gb  DblToI32.o [4]
__iar_dadd              0x08001901         Code  Gb  DblAdd.o [4]
__iar_data_init3        0x08001f6d   0x28  Code  Gb  data_init.o [5]
__iar_dsub              0x08001389         Code  Gb  DblSub.o [4]
__iar_dsubStart         0x0800139b         Code  Gb  DblSub.o [4]
__iar_get_ttio          0x08001e65   0x38  Code  Gb  iarttio.o [6]
__iar_lookup_ttioh      0x08001ea1    0x8  Code  Gb  XShttio.o [3]
__iar_program_start     0x08002031         Code  Gb  cstartup_M.o [5]
__iar_sh_stdout         0x08001f2b   0x20  Code  Gb  iarwstd.o [6]
__iar_sh_write          0x08001f4b   0x22  Code  Gb  iarwrite.o [6]
__iar_ttio_handles      0x20000000    0x8  Data  Lc  XShttio.o [3]
__iar_ui2d              0x0800135d         Code  Gb  I32ToDbl.o [4]
__iar_unaligned___aeabi_memcpy
                        0x080010c9         Code  Gb  ABImemcpy_unaligned.o [5]
__iar_unaligned___aeabi_memcpy4
                        0x080010e9         Code  Gb  ABImemcpy_unaligned.o [5]
__iar_unaligned___aeabi_memcpy8
                        0x080010e9         Code  Gb  ABImemcpy_unaligned.o [5]
__low_level_init        0x08001fdf    0x4  Code  Gb  low_level_init.o [3]
__vector_table          0x08000000         Data  Gb  startup_stm32f4xx.o [1]
__write                 0x08001efd   0x10  Code  Gb  write.o [6]
_call_main              0x08001fd1         Code  Gb  cmain.o [5]
_exit                   0x08001fe9         Code  Gb  cexit.o [5]
_main                   0x08001fdb         Code  Gb  cmain.o [5]
delayzz                 0x08001ad3    0xa  Code  Gb  main.o [1]
div                     0x080018ef    0xe  Code  Gb  div.o [3]
exit                    0x08001fe3    0x4  Code  Gb  exit.o [3]
init_SPI1               0x080019d5   0xd8  Code  Gb  main.o [1]
main                    0x08001add   0x2c  Code  Gb  main.o [1]
memchr                  0x08000f81         Code  Gb  memchr.o [5]
printf                  0x08001ccd   0x24  Code  Gb  printf.o [3]
putchar                 0x08001ed5   0x28  Code  Gb  putchar.o [3]
strchr                  0x08000f31         Code  Gb  strchr.o [5]
strlen                  0x08000f49         Code  Gb  strlen.o [5]


[1] = D:\Akademik\ARM\IAR Calismalar\STM32F4-Examples\SpiHaberlesmesi\Debug\Obj
[2] = command line
[3] = dl7M_tln.a
[4] = m7M_tl.a
[5] = rt7M_tl.a
[6] = shb_l.a

  8 596 bytes of readonly  code memory
     32 bytes of readonly  data memory
  8 201 bytes of readwrite data memory

Errors: none
Warnings: none
