###############################################################################
#
# IAR ELF Linker V7.50.2.10312/W32 for ARM                23/Dec/2016  18:25:35
# Copyright 2007-2015 IAR Systems AB.
#
#    Output file  =  
#        D:\Akademik\ARM\IAR
#        Calismalar\STM32F4\4-USARTHaberlesmesi\Debug\Exe\c.out
#    Map file     =  
#        D:\Akademik\ARM\IAR
#        Calismalar\STM32F4\4-USARTHaberlesmesi\Debug\List\c.map
#    Command line =  
#        "D:\Akademik\ARM\IAR
#        Calismalar\STM32F4\4-USARTHaberlesmesi\Debug\Obj\main.o"
#        "D:\Akademik\ARM\IAR
#        Calismalar\STM32F4\4-USARTHaberlesmesi\Debug\Obj\misc.o"
#        "D:\Akademik\ARM\IAR
#        Calismalar\STM32F4\4-USARTHaberlesmesi\Debug\Obj\startup_stm32f4xx.o"
#        "D:\Akademik\ARM\IAR
#        Calismalar\STM32F4\4-USARTHaberlesmesi\Debug\Obj\stm32f4_discovery.o"
#        "D:\Akademik\ARM\IAR
#        Calismalar\STM32F4\4-USARTHaberlesmesi\Debug\Obj\stm32f4xx_exti.o"
#        "D:\Akademik\ARM\IAR
#        Calismalar\STM32F4\4-USARTHaberlesmesi\Debug\Obj\stm32f4xx_gpio.o"
#        "D:\Akademik\ARM\IAR
#        Calismalar\STM32F4\4-USARTHaberlesmesi\Debug\Obj\stm32f4xx_it.o"
#        "D:\Akademik\ARM\IAR
#        Calismalar\STM32F4\4-USARTHaberlesmesi\Debug\Obj\stm32f4xx_rcc.o"
#        "D:\Akademik\ARM\IAR
#        Calismalar\STM32F4\4-USARTHaberlesmesi\Debug\Obj\stm32f4xx_syscfg.o"
#        "D:\Akademik\ARM\IAR
#        Calismalar\STM32F4\4-USARTHaberlesmesi\Debug\Obj\stm32f4xx_usart.o"
#        "D:\Akademik\ARM\IAR
#        Calismalar\STM32F4\4-USARTHaberlesmesi\Debug\Obj\system_stm32f4xx.o"
#        -o "D:\Akademik\ARM\IAR
#        Calismalar\STM32F4\4-USARTHaberlesmesi\Debug\Exe\c.out" --redirect
#        _Printf=_PrintfFull --redirect _Scanf=_ScanfFull --map
#        "D:\Akademik\ARM\IAR
#        Calismalar\STM32F4\4-USARTHaberlesmesi\Debug\List\c.map" --config
#        "C:\Program Files (x86)\IAR Systems\Embedded Workbench
#        7.3\arm\config\linker\ST\stm32f411xC.icf" --semihosting --entry
#        __iar_program_start --vfe
#
###############################################################################

*******************************************************************************
*** RUNTIME MODEL ATTRIBUTES
***

CppFlavor       = *
__SystemLibrary = DLib


*******************************************************************************
*** PLACEMENT SUMMARY
***

"A1":  place at 0x08000000 { ro section .intvec };
"P1":  place in [from 0x08000000 to 0x0803ffff] { ro };
"P2":  place in [from 0x20000000 to 0x2001ffff] { rw, block CSTACK, block HEAP };

  Section            Kind        Address    Size  Object
  -------            ----        -------    ----  ------
"A1":                                      0x188
  .intvec            ro code  0x08000000   0x188  startup_stm32f4xx.o [1]
                            - 0x08000188   0x188

"P1":                                     0x236f
  .text              ro code  0x08000188   0xda6  xprintffull.o [3]
  .text              ro code  0x08000f30    0x16  strchr.o [5]
  .text              ro code  0x08000f48    0x36  strlen.o [5]
  .text              ro code  0x08000f80    0x58  memchr.o [5]
  .text              ro code  0x08000fd8    0xee  I64DivMod.o [5]
  .text              ro code  0x080010c8    0x76  ABImemcpy_unaligned.o [5]
  .text              ro code  0x0800113e    0x42  xdnorm.o [4]
  .text              ro code  0x08001180    0x2e  DblCmpLe.o [4]
  .text              ro code  0x080011b0    0x2e  DblCmpGe.o [4]
  .text              ro code  0x080011e0   0x10c  xdscale.o [4]
  .text              ro code  0x080012ec    0x58  DblToI32.o [4]
  .text              ro code  0x08001344    0x30  I32ToDbl.o [4]
  .text              ro code  0x08001374   0x180  DblSub.o [4]
  .text              ro code  0x080014f4   0x1a2  DblMul.o [4]
  .text              ro code  0x08001698   0x256  DblDiv.o [4]
  .text              ro code  0x080018ee     0xe  div.o [3]
  .text              ro code  0x080018fc     0x2  I64DivZer.o [5]
  .text              ro code  0x08001900    0xd4  DblAdd.o [4]
  .text              ro code  0x080019d4   0x1b8  stm32f4xx_usart.o [1]
  .text              ro code  0x08001b8c   0x134  stm32f4xx_rcc.o [1]
  .text              ro code  0x08001cc0   0x16c  main.o [1]
  .text              ro code  0x08001e2c    0xf4  stm32f4xx_gpio.o [1]
  .text              ro code  0x08001f20    0x70  misc.o [1]
  .text              ro code  0x08001f90    0x24  printf.o [3]
  .text              ro code  0x08001fb4   0x144  system_stm32f4xx.o [1]
  .text              ro code  0x080020f8    0x6c  iarttio.o [6]
  .text              ro code  0x08002164     0x8  XShttio.o [3]
  .text              ro code  0x0800216c    0x40  stm32f4xx_it.o [1]
  .text              ro code  0x080021ac    0x38  packbits_init_single.o [5]
  .text              ro code  0x080021e4    0x28  putchar.o [3]
  .text              ro code  0x0800220c    0x10  write.o [6]
  .text              ro code  0x0800221c    0x1e  dwrite.o [6]
  .text              ro code  0x0800223a    0x20  iarwstd.o [6]
  .text              ro code  0x0800225a    0x22  iarwrite.o [6]
  .text              ro code  0x0800227c    0x28  data_init.o [5]
  .rodata            const    0x080022a4    0x24  main.o [1]
  .iar.init_table    const    0x080022c8    0x10  - Linker created -
  .text              ro code  0x080022d8    0x1a  cmain.o [5]
  .text              ro code  0x080022f2     0x4  low_level_init.o [3]
  .text              ro code  0x080022f6     0x4  exit.o [3]
  .text              ro code  0x080022fc     0xa  cexit.o [5]
  .text              ro code  0x08002308    0x14  exit.o [6]
  .rodata            const    0x0800231c    0x18  main.o [1]
  .text              ro code  0x08002334    0x16  xprout.o [3]
  .rodata            const    0x0800234c    0x10  main.o [1]
  .text              ro code  0x0800235c    0x10  startup_stm32f4xx.o [1]
  .text              ro code  0x0800236c     0xc  cstartup_M.o [5]
  .text              ro code  0x08002378     0x4  startup_stm32f4xx.o [1]
  .text              ro code  0x0800237c     0x4  startup_stm32f4xx.o [1]
  .text              ro code  0x08002380     0x4  startup_stm32f4xx.o [1]
  .text              ro code  0x08002384     0x4  startup_stm32f4xx.o [1]
  .text              ro code  0x08002388     0x4  startup_stm32f4xx.o [1]
  .text              ro code  0x0800238c     0x4  startup_stm32f4xx.o [1]
  .text              ro code  0x08002390     0x4  startup_stm32f4xx.o [1]
  .text              ro code  0x08002394     0x4  startup_stm32f4xx.o [1]
  .text              ro code  0x08002398     0x4  startup_stm32f4xx.o [1]
  .text              ro code  0x0800239c     0x4  startup_stm32f4xx.o [1]
  .text              ro code  0x080023a0     0x4  startup_stm32f4xx.o [1]
  .text              ro code  0x080023a4     0x4  startup_stm32f4xx.o [1]
  .text              ro code  0x080023a8     0x4  startup_stm32f4xx.o [1]
  .text              ro code  0x080023ac     0x4  startup_stm32f4xx.o [1]
  .text              ro code  0x080023b0     0x4  startup_stm32f4xx.o [1]
  .text              ro code  0x080023b4     0x4  startup_stm32f4xx.o [1]
  .text              ro code  0x080023b8     0x4  startup_stm32f4xx.o [1]
  .text              ro code  0x080023bc     0x4  startup_stm32f4xx.o [1]
  .text              ro code  0x080023c0     0x4  startup_stm32f4xx.o [1]
  .text              ro code  0x080023c4     0x4  startup_stm32f4xx.o [1]
  .text              ro code  0x080023c8     0x4  startup_stm32f4xx.o [1]
  .text              ro code  0x080023cc     0x4  startup_stm32f4xx.o [1]
  .text              ro code  0x080023d0     0x4  startup_stm32f4xx.o [1]
  .text              ro code  0x080023d4     0x4  startup_stm32f4xx.o [1]
  .text              ro code  0x080023d8     0x4  startup_stm32f4xx.o [1]
  .text              ro code  0x080023dc     0x4  startup_stm32f4xx.o [1]
  .text              ro code  0x080023e0     0x4  startup_stm32f4xx.o [1]
  .text              ro code  0x080023e4     0x4  startup_stm32f4xx.o [1]
  .text              ro code  0x080023e8     0x4  startup_stm32f4xx.o [1]
  .text              ro code  0x080023ec     0x4  startup_stm32f4xx.o [1]
  .text              ro code  0x080023f0     0x4  startup_stm32f4xx.o [1]
  .text              ro code  0x080023f4     0x4  startup_stm32f4xx.o [1]
  .text              ro code  0x080023f8     0x4  startup_stm32f4xx.o [1]
  .text              ro code  0x080023fc     0x4  startup_stm32f4xx.o [1]
  .text              ro code  0x08002400     0x4  startup_stm32f4xx.o [1]
  .text              ro code  0x08002404     0x4  startup_stm32f4xx.o [1]
  .text              ro code  0x08002408     0x4  startup_stm32f4xx.o [1]
  .text              ro code  0x0800240c     0x4  startup_stm32f4xx.o [1]
  .text              ro code  0x08002410     0x4  startup_stm32f4xx.o [1]
  .text              ro code  0x08002414     0x4  startup_stm32f4xx.o [1]
  .text              ro code  0x08002418     0x4  startup_stm32f4xx.o [1]
  .text              ro code  0x0800241c     0x4  startup_stm32f4xx.o [1]
  .text              ro code  0x08002420     0x4  startup_stm32f4xx.o [1]
  .text              ro code  0x08002424     0x4  startup_stm32f4xx.o [1]
  .text              ro code  0x08002428     0x4  startup_stm32f4xx.o [1]
  .text              ro code  0x0800242c     0x4  startup_stm32f4xx.o [1]
  .text              ro code  0x08002430     0x4  startup_stm32f4xx.o [1]
  .text              ro code  0x08002434     0x4  startup_stm32f4xx.o [1]
  .text              ro code  0x08002438     0x4  startup_stm32f4xx.o [1]
  .text              ro code  0x0800243c     0x4  startup_stm32f4xx.o [1]
  .text              ro code  0x08002440     0x4  startup_stm32f4xx.o [1]
  .text              ro code  0x08002444     0x4  startup_stm32f4xx.o [1]
  .text              ro code  0x08002448     0x4  startup_stm32f4xx.o [1]
  .text              ro code  0x0800244c     0x4  startup_stm32f4xx.o [1]
  .text              ro code  0x08002450     0x4  startup_stm32f4xx.o [1]
  .text              ro code  0x08002454     0x4  startup_stm32f4xx.o [1]
  .text              ro code  0x08002458     0x4  startup_stm32f4xx.o [1]
  .text              ro code  0x0800245c     0x4  startup_stm32f4xx.o [1]
  .text              ro code  0x08002460     0x4  startup_stm32f4xx.o [1]
  .text              ro code  0x08002464     0x4  startup_stm32f4xx.o [1]
  .text              ro code  0x08002468     0x4  startup_stm32f4xx.o [1]
  .text              ro code  0x0800246c     0x4  startup_stm32f4xx.o [1]
  .text              ro code  0x08002470     0x4  startup_stm32f4xx.o [1]
  .text              ro code  0x08002474     0x4  startup_stm32f4xx.o [1]
  .text              ro code  0x08002478     0x4  startup_stm32f4xx.o [1]
  .text              ro code  0x0800247c     0x4  startup_stm32f4xx.o [1]
  .text              ro code  0x08002480     0x4  startup_stm32f4xx.o [1]
  .text              ro code  0x08002484     0x4  startup_stm32f4xx.o [1]
  .text              ro code  0x08002488     0x4  startup_stm32f4xx.o [1]
  .text              ro code  0x0800248c     0x4  startup_stm32f4xx.o [1]
  .text              ro code  0x08002490     0x4  startup_stm32f4xx.o [1]
  .text              ro code  0x08002494     0x4  startup_stm32f4xx.o [1]
  .text              ro code  0x08002498     0x4  startup_stm32f4xx.o [1]
  .text              ro code  0x0800249c     0x4  startup_stm32f4xx.o [1]
  .text              ro code  0x080024a0     0x4  startup_stm32f4xx.o [1]
  .text              ro code  0x080024a4     0x4  startup_stm32f4xx.o [1]
  .text              ro code  0x080024a8     0x4  startup_stm32f4xx.o [1]
  .text              ro code  0x080024ac     0x4  startup_stm32f4xx.o [1]
  .text              ro code  0x080024b0     0x4  startup_stm32f4xx.o [1]
  .text              ro code  0x080024b4     0x4  startup_stm32f4xx.o [1]
  .text              ro code  0x080024b8     0x4  startup_stm32f4xx.o [1]
  .text              ro code  0x080024bc     0x4  startup_stm32f4xx.o [1]
  .text              ro code  0x080024c0     0x4  startup_stm32f4xx.o [1]
  .text              ro code  0x080024c4     0x4  startup_stm32f4xx.o [1]
  .text              ro code  0x080024c8     0x4  startup_stm32f4xx.o [1]
  .text              ro code  0x080024cc     0x4  startup_stm32f4xx.o [1]
  .text              ro code  0x080024d0     0x4  startup_stm32f4xx.o [1]
  .text              ro code  0x080024d4     0x4  startup_stm32f4xx.o [1]
  .text              ro code  0x080024d8     0x4  startup_stm32f4xx.o [1]
  .text              ro code  0x080024dc     0x4  startup_stm32f4xx.o [1]
  .text              ro code  0x080024e0     0x4  startup_stm32f4xx.o [1]
  .rodata            const    0x080024e4     0x0  packbits_init_single.o [5]
  Initializer bytes  const    0x080024e4    0x13  <for P2-1>
                            - 0x080024f7  0x236f

"P2", part 1 of 2:                          0x30
  P2-1                        0x20000000    0x30  <Init block>
    .data            inited   0x20000000    0x10  stm32f4xx_rcc.o [1]
    .data            inited   0x20000010     0x8  XShttio.o [3]
    .bss             inited   0x20000018     0xc  main.o [1]
    .bss             inited   0x20000024     0x4  main.o [1]
    .bss             inited   0x20000028     0x4  stm32f4xx_it.o [1]
    .bss             inited   0x2000002c     0x4  stm32f4xx_it.o [1]
                            - 0x20000030    0x30

"P2", part 2 of 2:                        0x2000
  CSTACK                      0x20000030  0x2000  <Block>
    CSTACK           uninit   0x20000030  0x2000  <Block tail>
                            - 0x20002030  0x2000


*******************************************************************************
*** INIT TABLE
***

          Address     Size
          -------     ----
Copy/packbits (__iar_packbits_init_single3)
    1 source range, total size 0x13 (39% of destination):
          0x080024e4  0x13
    1 destination range, total size 0x30:
          0x20000000  0x30



*******************************************************************************
*** MODULE SUMMARY
***

    Module                  ro code  ro data  rw data
    ------                  -------  -------  -------
D:\Akademik\ARM\IAR Calismalar\STM32F4\4-USARTHaberlesmesi\Debug\Obj: [1]
    main.o                      364       82       16
    misc.o                      112
    startup_stm32f4xx.o         772
    stm32f4xx_gpio.o            244
    stm32f4xx_it.o               64        4        8
    stm32f4xx_rcc.o             308        6       16
    stm32f4xx_usart.o           440
    system_stm32f4xx.o          324
    -------------------------------------------------
    Total:                    2 628       92       40

command line: [2]
    -------------------------------------------------
    Total:

dl7M_tln.a: [3]
    XShttio.o                     8        3        8
    div.o                        14
    exit.o                        4
    low_level_init.o              4
    printf.o                     36
    putchar.o                    40
    xprintffull.o             3 494
    xprout.o                     22
    -------------------------------------------------
    Total:                    3 622        3        8

m7M_tl.a: [4]
    DblAdd.o                    212
    DblCmpGe.o                   46
    DblCmpLe.o                   46
    DblDiv.o                    598
    DblMul.o                    418
    DblSub.o                    384
    DblToI32.o                   88
    I32ToDbl.o                   48
    xdnorm.o                     66
    xdscale.o                   268
    -------------------------------------------------
    Total:                    2 174

rt7M_tl.a: [5]
    ABImemcpy_unaligned.o       118
    I64DivMod.o                 238
    I64DivZer.o                   2
    cexit.o                      10
    cmain.o                      26
    cstartup_M.o                 12
    data_init.o                  40
    memchr.o                     88
    packbits_init_single.o       56
    strchr.o                     22
    strlen.o                     54
    -------------------------------------------------
    Total:                      666

shb_l.a: [6]
    dwrite.o                     30
    exit.o                       20
    iarttio.o                   108
    iarwrite.o                   34
    iarwstd.o                    32
    write.o                      16
    -------------------------------------------------
    Total:                      240

    Gaps                         20        2
    Linker created                        16    8 192
-----------------------------------------------------
    Grand Total:              9 350      113    8 240


*******************************************************************************
*** ENTRY LIST
***

Entry                      Address   Size  Type      Object
-----                      -------   ----  ----      ------
.iar.init_table$$Base   0x080022c8          --   Gb  - Linker created -
.iar.init_table$$Limit  0x080022d8          --   Gb  - Linker created -
?main                   0x080022d9         Code  Gb  cmain.o [5]
APBAHBPrescTable        0x20000000   0x10  Data  Lc  stm32f4xx_rcc.o [1]
BusFault_Handler        0x08002173    0x2  Code  Gb  stm32f4xx_it.o [1]
CSTACK$$Base            0x20000030          --   Gb  - Linker created -
CSTACK$$Limit           0x20002030          --   Gb  - Linker created -
DebugMon_Handler        0x08002179    0x2  Code  Gb  stm32f4xx_it.o [1]
GPIO_Init               0x08001e2d   0xa4  Code  Gb  stm32f4xx_gpio.o [1]
GPIO_PinAFConfig        0x08001ed1   0x50  Code  Gb  stm32f4xx_gpio.o [1]
HardFault_Handler       0x0800216f    0x2  Code  Gb  stm32f4xx_it.o [1]
LoadInt                 0x0800070d   0x6e  Code  Lc  xprintffull.o [3]
MemManage_Handler       0x08002171    0x2  Code  Gb  stm32f4xx_it.o [1]
NMI_Handler             0x0800216d    0x2  Code  Gb  stm32f4xx_it.o [1]
NVIC_Init               0x08001f21   0x60  Code  Gb  misc.o [1]
PendSV_Handler          0x0800217b    0x2  Code  Gb  stm32f4xx_it.o [1]
RCC_AHB1PeriphClockCmd  0x08001c65   0x20  Code  Gb  stm32f4xx_rcc.o [1]
RCC_APB2PeriphClockCmd  0x08001c85   0x20  Code  Gb  stm32f4xx_rcc.o [1]
RCC_GetClocksFreq       0x08001b8d   0xd8  Code  Gb  stm32f4xx_rcc.o [1]
Region$$Table$$Base     0x080022c8          --   Gb  - Linker created -
Region$$Table$$Limit    0x080022d8          --   Gb  - Linker created -
SVC_Handler             0x08002177    0x2  Code  Gb  stm32f4xx_it.o [1]
SetSysClock             0x08001ffb   0xce  Code  Lc  system_stm32f4xx.o [1]
SysTick_Handler         0x0800217d   0x1e  Code  Gb  stm32f4xx_it.o [1]
SystemInit              0x08001fb5   0x46  Code  Gb  system_stm32f4xx.o [1]
TIM1_CC_IRQHandler      0x080021ab    0x2  Code  Gb  stm32f4xx_it.o [1]
TIM2_IRQHandler         0x080021a5    0x2  Code  Gb  stm32f4xx_it.o [1]
TIM3_IRQHandler         0x080021a7    0x2  Code  Gb  stm32f4xx_it.o [1]
TIM4_IRQHandler         0x080021a9    0x2  Code  Gb  stm32f4xx_it.o [1]
USART1_IRQHandler       0x08001db1   0x5c  Code  Gb  main.o [1]
USART_Cmd               0x08001a99   0x1c  Code  Gb  stm32f4xx_usart.o [1]
USART_GetFlagStatus     0x08001b0f   0x1a  Code  Gb  stm32f4xx_usart.o [1]
USART_GetITStatus       0x08001b29   0x64  Code  Gb  stm32f4xx_usart.o [1]
USART_ITConfig          0x08001abd   0x52  Code  Gb  stm32f4xx_usart.o [1]
USART_Init              0x080019d5   0xb6  Code  Gb  stm32f4xx_usart.o [1]
USART_SendData          0x08001ab5    0x8  Code  Gb  stm32f4xx_usart.o [1]
USART_puts              0x08001d81   0x30  Code  Gb  main.o [1]
UsageFault_Handler      0x08002175    0x2  Code  Gb  stm32f4xx_it.o [1]
_GenldFull              0x08000c83  0x262  Code  Lc  xprintffull.o [3]
_LdtobFull              0x08000881  0x3fc  Code  Lc  xprintffull.o [3]
_LitobFull              0x0800077b  0x106  Code  Lc  xprintffull.o [3]
_PrintfFull             0x08000189  0x57e  Code  Gb  xprintffull.o [3]
_Prout                  0x08002335   0x16  Code  Gb  xprout.o [3]
_PutcharsFull           0x08000ee5   0x2e  Code  Lc  xprintffull.o [3]
__aeabi_cdcmple         0x08001181         Code  Gb  DblCmpLe.o [4]
__aeabi_cdrcmple        0x080011b1         Code  Gb  DblCmpGe.o [4]
__aeabi_d2iz            0x080012ed         Code  Gb  DblToI32.o [4]
__aeabi_d2uiz           0x08001319         Code  Gb  DblToI32.o [4]
__aeabi_ddiv            0x08001699         Code  Gb  DblDiv.o [4]
__aeabi_dmul            0x080014f5         Code  Gb  DblMul.o [4]
__aeabi_dsub            0x08001375         Code  Gb  DblSub.o [4]
__aeabi_i2d             0x08001345         Code  Gb  I32ToDbl.o [4]
__aeabi_ldiv0           0x080018fd         Code  Gb  I64DivZer.o [5]
__aeabi_ui2d            0x08001359         Code  Gb  I32ToDbl.o [4]
__aeabi_uldivmod        0x08000fd9         Code  Gb  I64DivMod.o [5]
__cmain                 0x080022d9         Code  Gb  cmain.o [5]
__dwrite                0x0800221d   0x1e  Code  Gb  dwrite.o [6]
__exit                  0x08002309   0x14  Code  Gb  exit.o [6]
__iar_Dnorm             0x0800113f   0x42  Code  Gb  xdnorm.o [4]
__iar_Dscale            0x080011e1  0x10c  Code  Gb  xdscale.o [4]
__iar_Memchr            0x08000f81         Code  Gb  memchr.o [5]
__iar_Strchr            0x08000f31         Code  Gb  strchr.o [5]
__iar_close_ttio        0x080020f9   0x2e  Code  Gb  iarttio.o [6]
__iar_d2uiz             0x08001325         Code  Gb  DblToI32.o [4]
__iar_dadd              0x08001901         Code  Gb  DblAdd.o [4]
__iar_data_init3        0x0800227d   0x28  Code  Gb  data_init.o [5]
__iar_dsub              0x08001389         Code  Gb  DblSub.o [4]
__iar_dsubStart         0x0800139b         Code  Gb  DblSub.o [4]
__iar_get_ttio          0x08002129   0x38  Code  Gb  iarttio.o [6]
__iar_lookup_ttioh      0x08002165    0x8  Code  Gb  XShttio.o [3]
__iar_packbits_init_single3
                        0x080021ad   0x38  Code  Gb  packbits_init_single.o [5]
__iar_program_start     0x0800236d         Code  Gb  cstartup_M.o [5]
__iar_sh_stdout         0x0800223b   0x20  Code  Gb  iarwstd.o [6]
__iar_sh_write          0x0800225b   0x22  Code  Gb  iarwrite.o [6]
__iar_ttio_handles      0x20000010    0x8  Data  Lc  XShttio.o [3]
__iar_ui2d              0x0800135d         Code  Gb  I32ToDbl.o [4]
__iar_unaligned___aeabi_memcpy
                        0x080010c9         Code  Gb  ABImemcpy_unaligned.o [5]
__iar_unaligned___aeabi_memcpy4
                        0x080010e9         Code  Gb  ABImemcpy_unaligned.o [5]
__iar_unaligned___aeabi_memcpy8
                        0x080010e9         Code  Gb  ABImemcpy_unaligned.o [5]
__low_level_init        0x080022f3    0x4  Code  Gb  low_level_init.o [3]
__vector_table          0x08000000         Data  Gb  startup_stm32f4xx.o [1]
__write                 0x0800220d   0x10  Code  Gb  write.o [6]
_call_main              0x080022e5         Code  Gb  cmain.o [5]
_exit                   0x080022fd         Code  Gb  cexit.o [5]
_main                   0x080022ef         Code  Gb  cmain.o [5]
div                     0x080018ef    0xe  Code  Gb  div.o [3]
downTicker              0x2000002c    0x4  Data  Gb  stm32f4xx_it.o [1]
exit                    0x080022f7    0x4  Code  Gb  exit.o [3]
init_USART1             0x08001cd5   0xac  Code  Gb  main.o [1]
main                    0x08001cc1   0x14  Code  Gb  main.o [1]
memchr                  0x08000f81         Code  Gb  memchr.o [5]
printf                  0x08001f91   0x24  Code  Gb  printf.o [3]
putchar                 0x080021e5   0x28  Code  Gb  putchar.o [3]
received_string         0x20000018    0xc  Data  Gb  main.o [1]
strchr                  0x08000f31         Code  Gb  strchr.o [5]
strlen                  0x08000f49         Code  Gb  strlen.o [5]
ticker                  0x20000028    0x4  Data  Gb  stm32f4xx_it.o [1]


[1] = D:\Akademik\ARM\IAR Calismalar\STM32F4\4-USARTHaberlesmesi\Debug\Obj
[2] = command line
[3] = dl7M_tln.a
[4] = m7M_tl.a
[5] = rt7M_tl.a
[6] = shb_l.a

  9 350 bytes of readonly  code memory
    113 bytes of readonly  data memory
  8 240 bytes of readwrite data memory

Errors: none
Warnings: none
